Microchip MPLAB XC8 Compiler V2.31

Linker command line:

-W-3 --edf=C:\Program Files\Microchip\xc8\v2.31\pic\dat\en_msgs.txt -cn \
  -h+dist/default/debug\Labs_digital2.debug.sym \
  --cmf=dist/default/debug\Labs_digital2.debug.cmf -z -Q16F887 \
  -oC:\Users\pablo\AppData\Local\Temp\s7kc.2 --defsym=__MPLAB_BUILD=1 \
  -Mdist/default/debug/Labs_digital2.debug.map -E1 -ver=XC8 Compiler \
  --acfsm=1493 -ASTACK=0110h-016Fh -pstack=STACK \
  -ACODE=00h-07FFhx3,01800h-01EFFh,01FFFh-01FFFh \
  -ASTRCODE=00h-01EFFh,01FFFh-01FFFh -ASTRING=00h-0FFhx31,01FFFh-01FFFh \
  -ACONST=00h-0FFhx31,01FFFh-01FFFh -AENTRY=00h-0FFhx31,01FFFh-01FFFh \
  -ACOMMON=071h-07Fh -ABANK0=020h-06Fh -ABANK1=0A0h-0EFh \
  -ABANK2=0110h-016Fh -ABANK3=0190h-01E4h \
  -ARAM=020h-06Fh,0A0h-0EFh,0110h-016Fh,0190h-01E4h \
  -AABS1=020h-07Fh,0A0h-0EFh,0110h-016Fh,0190h-01EFh -ASFR0=00h-01Fh \
  -ASFR1=080h-09Fh -ASFR2=0100h-010Fh -ASFR3=0180h-018Fh \
  -ACONFIG=02007h-02008h -DCONFIG=2 -AIDLOC=02000h-02003h -DIDLOC=2 \
  -AEEDATA=00h-0FFh/02100h -peeprom_data=EEDATA -DEEDATA=2 -DCODE=2 \
  -DSTRCODE=2 -DSTRING=2 -DCONST=2 -DENTRY=2 \
  -preset_vec=00h,intentry,init,end_init -ppowerup=CODE -pcinit=CODE \
  -pfunctab=ENTRY -k C:\Users\pablo\AppData\Local\Temp\s7kc.o \
  dist/default/debug\Labs_digital2.debug.o 

Object code version is 3.11

Machine type is 16F887



                Name                               Link     Load   Length Selector   Space Scale
C:\Users\pablo\AppData\Local\Temp\s7kc.o
                end_init                              1        1        3        0       0
                reset_vec                             0        0        1        0       0
                config                             2007     2007        2        0       4
dist/default/debug\Labs_digital2.debug.o
                cinit                               7E4      7E4       1C      FC8       0
                functab                               4        4        9        8       0
                config                             2007     2007        2        0       4
                text28                             14DA     14DA       67     29B4       0
                text27                              B8B      B8B      1DD     1716       0
                text26                             1541     1541       A2     2A82       0
                text25                             1318     1318       27     2630       0
                text24                               8F       8F      361      11E       0
                text23                              D68      D68      298     1AD0       0
                text22                             12F4     12F4       24     25E8       0
                text21                               15       15       7A       2A       0
                text20                             133F     133F       27     267E       0
                text19                             15E3     15E3       BC     2BC6       0
                text18                              3F0      3F0      3F4      7E0       0
                text17                             127C     127C       12     24F8       0
                text16                              80F      80F       83     101E       0
                text15                             1441     1441       44     2882       0
                text14                             13C8     13C8       3C     2790       0
                text13                             1263     1263        9     24C6       0
                text12                              892      892      167     1124       0
                text11                             12D1     12D1       23     25A2       0
                text10                             1366     1366       29     26CC       0
                text9                              1404     1404       3D     2808       0
                text8                              12B7     12B7       1A     256E       0
                text7                              169F     169F      161     2D3E       0
                text6                              1485     1485       55     290A       0
                text5                              12A1     12A1       16     2542       0
                text4                              138F     138F       39     271E       0
                text3                              125C     125C        7     24B8       0
                text2                               806      806        9     100C       0
                text1                               800      800        6      FC8       0
                maintext                            9F9      9F9      192     13F2       0
                cstackBANK0                          20       20       4E       20       1
                cstackCOMMON                         71       71        D       71       1
                cstackBANK1                          C2       C2       13       A0       1
                clrtext                               D        D        8       1A       0
                inittext                           128E     128E       13     251C       0
                dataBANK1                            D5       D5       10       A0       1
                bssBANK1                             A0       A0       22       A0       1
                bssBANK0                             6E       6E        2       20       1
                strings                            1000     1000       AA     2000       0
                idataBANK1                         126C     126C       10     24D8       0

TOTAL           Name                               Link     Load   Length     Space
        CLASS   STACK          

        CLASS   CODE           
                end_init                              1        1        3         0
                cinit                               7E4      7E4       1C         0
                reset_vec                             0        0        1         0
                text28                             14DA     14DA       67         0
                text27                              B8B      B8B      1DD         0
                text26                             1541     1541       A2         0
                text25                             1318     1318       27         0
                text24                               8F       8F      361         0
                text23                              D68      D68      298         0
                text22                             12F4     12F4       24         0
                text21                               15       15       7A         0
                text20                             133F     133F       27         0
                text19                             15E3     15E3       BC         0
                text18                              3F0      3F0      3F4         0
                text17                             127C     127C       12         0
                text16                              80F      80F       83         0
                text15                             1441     1441       44         0
                text14                             13C8     13C8       3C         0
                text13                             1263     1263        9         0
                text12                              892      892      167         0
                text11                             12D1     12D1       23         0
                text10                             1366     1366       29         0
                text9                              1404     1404       3D         0
                text8                              12B7     12B7       1A         0
                text7                              169F     169F      161         0
                text6                              1485     1485       55         0
                text5                              12A1     12A1       16         0
                text4                              138F     138F       39         0
                text3                              125C     125C        7         0
                text2                               806      806        9         0
                text1                               800      800        6         0
                maintext                            9F9      9F9      192         0
                clrtext                               D        D        8         0
                inittext                           128E     128E       13         0
                idataBANK1                         126C     126C       10         0

        CLASS   STRCODE        

        CLASS   STRING         
                strings                            1000     1000       AA         0

        CLASS   CONST          

        CLASS   ENTRY          
                functab                               4        4        9         0

        CLASS   COMMON         
                cstackCOMMON                         71       71        D         1

        CLASS   BANK0          
                cstackBANK0                          20       20       4E         1
                bssBANK0                             6E       6E        2         1

        CLASS   BANK1          
                cstackBANK1                          C2       C2       13         1
                dataBANK1                            D5       D5       10         1
                bssBANK1                             A0       A0       22         1

        CLASS   BANK2          

        CLASS   BANK3          

        CLASS   RAM            

        CLASS   ABS1           
                abs_s1                               7E       7E        2         1

        CLASS   SFR0           

        CLASS   SFR1           

        CLASS   SFR2           

        CLASS   SFR3           

        CLASS   CONFIG         
                config                             2007     2007        2         4

        CLASS   IDLOC          

        CLASS   EEDATA         



SEGMENTS        Name                           Load    Length   Top    Selector   Space  Class     Delta

                reset_vec                      000000  000004  000004         0       0  CODE        2
                functab                        000004  000009  00000D         8       0  ENTRY       2
                clrtext                        00000D  000008  000015        1A       0  CODE        2
                cstackBANK0                    000020  000050  000070        20       1  BANK0       1
                text21                         000015  00007A  00008F        2A       0  CODE        2
                cstackCOMMON                   000071  00000D  00007E        71       1  COMMON      1
                bssBANK1                       0000A0  000045  0000E5        A0       1  BANK1       1
                text24                         00008F  000361  0003F0       11E       0  CODE        2
                text18                         0003F0  0003F4  0007E4       7E0       0  CODE        2
                cinit                          0007E4  000022  000806       FC8       0  CODE        2
                text2                          000806  000009  00080F      100C       0  CODE        2
                text16                         00080F  000083  000892      101E       0  CODE        2
                text12                         000892  000167  0009F9      1124       0  CODE        2
                maintext                       0009F9  000192  000B8B      13F2       0  CODE        2
                text27                         000B8B  0001DD  000D68      1716       0  CODE        2
                text23                         000D68  000298  001000      1AD0       0  CODE        2
                strings                        001000  0000AA  0010AA      2000       0  STRING      2
                text3                          00125C  000007  001263      24B8       0  CODE        2
                text13                         001263  000009  00126C      24C6       0  CODE        2
                idataBANK1                     00126C  000010  00127C      24D8       0  CODE        2
                text17                         00127C  000012  00128E      24F8       0  CODE        2
                inittext                       00128E  000013  0012A1      251C       0  CODE        2
                text5                          0012A1  000016  0012B7      2542       0  CODE        2
                text8                          0012B7  00001A  0012D1      256E       0  CODE        2
                text11                         0012D1  000023  0012F4      25A2       0  CODE        2
                text22                         0012F4  000024  001318      25E8       0  CODE        2
                text25                         001318  000027  00133F      2630       0  CODE        2
                text20                         00133F  000027  001366      267E       0  CODE        2
                text10                         001366  000029  00138F      26CC       0  CODE        2
                text4                          00138F  000039  0013C8      271E       0  CODE        2
                text14                         0013C8  00003C  001404      2790       0  CODE        2
                text9                          001404  00003D  001441      2808       0  CODE        2
                text15                         001441  000044  001485      2882       0  CODE        2
                text6                          001485  000055  0014DA      290A       0  CODE        2
                text28                         0014DA  000067  001541      29B4       0  CODE        2
                text26                         001541  0000A2  0015E3      2A82       0  CODE        2
                text19                         0015E3  0000BC  00169F      2BC6       0  CODE        2
                text7                          00169F  000161  001800      2D3E       0  CODE        2


UNUSED ADDRESS RANGES

        Name                Unused          Largest block    Delta
        BANK1            00E5-00EF              B           1
        BANK2            0110-016F             60           1
        BANK3            0190-01E4             55           1
        CODE             10AA-125B            1B2           2
                         1800-1EFF            700
                         1FFF-1FFF              1
        CONST            10AA-125B            100           2
                         1800-1EFF            100
                         1FFF-1FFF              1
        EEDATA           2100-21FF            100           2
        ENTRY            10AA-125B            100           2
                         1800-1EFF            100
                         1FFF-1FFF              1
        IDLOC            2000-2003              4           2
        RAM              00E5-00EF              B           1
                         0110-016F             60
                         0190-01E4             55
        SFR0             0000-001F             20           1
        SFR1             0080-009F             20           1
        SFR2             0100-010F             10           1
        SFR3             0180-018F             10           1
        STACK            0110-016F             60           1
        STRCODE          10AA-125B            1B2           2
                         1800-1EFF            700
                         1FFF-1FFF              1
        STRING           10AA-125B            100           2
                         1800-1EFF            100
                         1FFF-1FFF              1

                                  Symbol Table

?__Umul8_16              cstackCOMMON 0071
?___awdiv                cstackCOMMON 0071
?___fladd                cstackCOMMON 0071
?___fldiv                cstackBANK0  0032
?___flmul                cstackBANK0  004C
?___flsub                cstackBANK0  0032
?___fltol                cstackCOMMON 0071
?___lwdiv                cstackCOMMON 0071
?___lwmod                cstackCOMMON 0079
?___wmul                 cstackBANK0  0020
?___xxtofl               cstackBANK0  0024
?__doprnt                cstackBANK0  0021
?_atoi                   cstackBANK0  0024
?_concatenar             cstackBANK0  0036
?_printf                 cstackBANK0  002E
?_sprintf                cstackBANK0  002E
ADC_convert@a            cstackBANK0  0066
ADC_convert@data         cstackBANK1  00C6
ADC_convert@digits       cstackBANK1  00CD
ADC_convert@i            cstackBANK1  00CB
ADC_convert@j            cstackBANK1  00C4
ADC_convert@mu           cstackBANK1  00CF
ADC_convert@place        cstackBANK0  006A
ADC_convert@temp         cstackBANK1  00C2
ADC_convert@x            cstackBANK1  00C7
_ADCON0bits              (abs)        001F
_ADCON1bits              (abs)        009F
_ADC_convert             text18       03F0
_ANSEL                   (abs)        0188
_ANSELH                  (abs)        0189
_ANSELHbits              (abs)        0189
_ANSELbits               (abs)        0188
_BAUDCTLbits             (abs)        0187
_INTCONbits              (abs)        000B
_OPTION_REGbits          (abs)        0081
_OSCCONbits              (abs)        008F
_PIE1bits                (abs)        008C
_PIR1bits                (abs)        000C
_PORTB                   (abs)        0006
_PORTCbits               (abs)        0007
_PORTD                   (abs)        0008
_RCIF                    (abs)        0065
_RCREG                   (abs)        001A
_RCSTAbits               (abs)        0018
_SPBRG                   (abs)        0099
_SPBRGH                  (abs)        009A
_SSPBUF                  (abs)        0013
_SSPCON                  (abs)        0014
_SSPSTAT                 (abs)        0094
_SSPSTATbits             (abs)        0094
_TRISB                   (abs)        0086
_TRISC3                  (abs)        043B
_TRISC5                  (abs)        043D
_TRISD                   (abs)        0088
_TXIF                    (abs)        0064
_TXREG                   (abs)        0019
_TXSTAbits               (abs)        0098
__Habs1                  abs1         001A
__Hbank0                 bank0        001A
__Hbank1                 bank1        001A
__Hbank2                 bank2        001A
__Hbank3                 bank3        001A
__HbssBANK0              bssBANK0     001A
__HbssBANK1              bssBANK1     001A
__Hcinit                 cinit        0800
__Hclrtext               clrtext      001A
__Hcode                  code         001A
__Hcommon                common       001A
__Hconfig                config       2009
__HcstackBANK0           cstackBANK0  001A
__HcstackBANK1           cstackBANK1  001A
__HcstackCOMMON          cstackCOMMON 001A
__HdataBANK1             dataBANK1    001A
__Heeprom_data           eeprom_data  0000
__Hend_init              end_init     0004
__Hfunctab               functab      000D
__HidataBANK1            idataBANK1   001A
__Hinit                  init         0001
__Hinittext              inittext     001A
__Hintentry              intentry     0001
__Hmaintext              maintext     001A
__Hpowerup               powerup      0000
__Hram                   ram          001A
__Hreset_vec             reset_vec    0001
__Hsfr0                  sfr0         001A
__Hsfr1                  sfr1         001A
__Hsfr2                  sfr2         001A
__Hsfr3                  sfr3         001A
__Hspace_0               (abs)        1800
__Hspace_1               (abs)        00E5
__Hspace_2               (abs)        0000
__Hspace_3               (abs)        0000
__Hspace_4               (abs)        4010
__Hstack                 stack        0000
__Hstrings               strings      001A
__Htext                  text         001A
__Labs1                  abs1         001A
__Lbank0                 bank0        001A
__Lbank1                 bank1        001A
__Lbank2                 bank2        001A
__Lbank3                 bank3        001A
__LbssBANK0              bssBANK0     001A
__LbssBANK1              bssBANK1     001A
__Lcinit                 cinit        07E4
__Lclrtext               clrtext      001A
__Lcode                  code         001A
__Lcommon                common       001A
__Lconfig                config       0000
__LcstackBANK0           cstackBANK0  001A
__LcstackBANK1           cstackBANK1  001A
__LcstackCOMMON          cstackCOMMON 001A
__LdataBANK1             dataBANK1    001A
__Leeprom_data           eeprom_data  0000
__Lend_init              end_init     0001
__Lfunctab               functab      0004
__LidataBANK1            idataBANK1   001A
__Linit                  init         0001
__Linittext              inittext     001A
__Lintentry              intentry     0001
__Lmaintext              maintext     001A
__Lpowerup               powerup      0000
__Lram                   ram          001A
__Lreset_vec             reset_vec    0000
__Lsfr0                  sfr0         001A
__Lsfr1                  sfr1         001A
__Lsfr2                  sfr2         001A
__Lsfr3                  sfr3         001A
__Lspace_0               (abs)        0000
__Lspace_1               (abs)        0000
__Lspace_2               (abs)        0000
__Lspace_3               (abs)        0000
__Lspace_4               (abs)        0000
__Lstack                 stack        0000
__Lstrings               strings      001A
__Ltext                  text         001A
__S0                     (abs)        1800
__S1                     (abs)        00E5
__S2                     (abs)        0000
__S3                     (abs)        0000
__Umul8_16               text25       1318
__Umul8_16@multiplicand  cstackCOMMON 0071
__Umul8_16@multiplier    cstackCOMMON 0079
__Umul8_16@product       cstackCOMMON 0075
__Umul8_16@word_mpld     cstackCOMMON 0077
___awdiv                 text28       14DA
___awdiv@counter         cstackCOMMON 0076
___awdiv@dividend        cstackCOMMON 0073
___awdiv@divisor         cstackCOMMON 0071
___awdiv@quotient        cstackCOMMON 0078
___awdiv@sign            cstackCOMMON 0077
___fladd                 text23       0D68
___fladd@a               cstackCOMMON 0075
___fladd@aexp            cstackCOMMON 007A
___fladd@b               cstackCOMMON 0071
___fladd@bexp            cstackCOMMON 007B
___fladd@grs             cstackCOMMON 007C
___fladd@signs           cstackCOMMON 0079
___fldiv                 text27       0B8B
___fldiv@a               cstackBANK0  0032
___fldiv@aexp            cstackBANK0  004B
___fldiv@b               cstackBANK0  0036
___fldiv@bexp            cstackBANK0  004A
___fldiv@grs             cstackBANK0  0046
___fldiv@new_exp         cstackBANK0  0044
___fldiv@rem             cstackBANK0  003F
___fldiv@sign            cstackBANK0  0043
___flge                  text26       1541
___flge@ff1              cstackCOMMON 0071
___flge@ff2              cstackCOMMON 0075
___flmul                 text24       008F
___flmul@a               cstackBANK0  0050
___flmul@aexp            cstackBANK0  005E
___flmul@b               cstackBANK0  004C
___flmul@bexp            cstackBANK0  005F
___flmul@grs             cstackBANK0  005A
___flmul@prod            cstackBANK0  0060
___flmul@sign            cstackBANK0  0059
___flmul@temp            cstackBANK0  0064
___flsub                 text22       12F4
___flsub@a               cstackBANK0  0032
___flsub@b               cstackBANK0  0036
___fltol                 text21       0015
___fltol@exp1            cstackCOMMON 007B
___fltol@f1              cstackCOMMON 0071
___fltol@sign1           cstackCOMMON 007A
___int_sp                stack        0000
___latbits               (abs)        0002
___lwdiv                 text15       1441
___lwdiv@counter         cstackCOMMON 0078
___lwdiv@dividend        cstackCOMMON 0073
___lwdiv@divisor         cstackCOMMON 0071
___lwdiv@quotient        cstackCOMMON 0076
___lwmod                 text14       13C8
___lwmod@counter         cstackBANK0  0020
___lwmod@dividend        cstackCOMMON 007B
___lwmod@divisor         cstackCOMMON 0079
___sp                    stack        0000
___stackhi               (abs)        0000
___stacklo               (abs)        0000
___wmul                  text20       133F
___wmul@multiplicand     cstackBANK0  0022
___wmul@multiplier       cstackBANK0  0020
___wmul@product          cstackCOMMON 007C
___xxtofl                text19       15E3
___xxtofl@arg            cstackBANK0  002E
___xxtofl@exp            cstackBANK0  002D
___xxtofl@sign           cstackBANK0  002C
___xxtofl@val            cstackBANK0  0024
__doprnt                 text12       0892
__doprnt@ap              cstackBANK0  0023
__doprnt@c               cstackBANK0  002C
__doprnt@f               cstackBANK0  0021
__doprnt@flag            cstackBANK0  0028
__doprnt@pb              cstackBANK0  002D
__doprnt@prec            cstackBANK0  0029
__doprnt@val             cstackBANK0  002A
__end_of_ADC_convert     text18       07E4
__end_of__Umul8_16       text25       133F
__end_of___awdiv         text28       1541
__end_of___fladd         text23       1000
__end_of___fldiv         text27       0D68
__end_of___flge          text26       15E3
__end_of___flmul         text24       03F0
__end_of___flsub         text22       1318
__end_of___fltol         text21       008F
__end_of___lwdiv         text15       1485
__end_of___lwmod         text14       1404
__end_of___wmul          text20       1366
__end_of___xxtofl        text19       169F
__end_of__doprnt         text12       09F9
__end_of__fptable        functab      000D
__end_of__initialization cinit        07FC
__end_of__stringtab      strings      1010
__end_of_atoi            text16       0892
__end_of_concatenar      text9        1441
__end_of_conf_osc        text6        14DA
__end_of_dpowers         strings      101A
__end_of_isdigit         text17       128E
__end_of_main            maintext     0B8B
__end_of_mensaje         text7        1800
__end_of_printf          text8        12D1
__end_of_putch           text13       126C
__end_of_setup           text4        13C8
__end_of_spiInit         text5        12B7
__end_of_spiRead         text2        080F
__end_of_spiReceiveWait  text3        1263
__end_of_spiWrite        text1        0806
__end_of_sprintf         text11       12F4
__end_of_strcat          text10       138F
__fptable                functab      0004
__initialization         cinit        07E4
__pbssBANK0              bssBANK0     006E
__pbssBANK1              bssBANK1     00A0
__pcstackBANK0           cstackBANK0  0020
__pcstackBANK1           cstackBANK1  00C2
__pcstackCOMMON          cstackCOMMON 0071
__pdataBANK1             dataBANK1    00D5
__pfunctab               functab      0004
__pidataBANK1            idataBANK1   126C
__pmaintext              maintext     09F9
__pstrings               strings      1000
__ptext1                 text1        0800
__ptext10                text10       1366
__ptext11                text11       12D1
__ptext12                text12       0892
__ptext13                text13       1263
__ptext14                text14       13C8
__ptext15                text15       1441
__ptext16                text16       080F
__ptext17                text17       127C
__ptext18                text18       03F0
__ptext19                text19       15E3
__ptext2                 text2        0806
__ptext20                text20       133F
__ptext21                text21       0015
__ptext22                text22       12F4
__ptext23                text23       0D68
__ptext24                text24       008F
__ptext25                text25       1318
__ptext26                text26       1541
__ptext27                text27       0B8B
__ptext28                text28       14DA
__ptext3                 text3        125C
__ptext4                 text4        138F
__ptext5                 text5        12A1
__ptext6                 text6        1485
__ptext7                 text7        169F
__ptext8                 text8        12B7
__ptext9                 text9        1404
__size_of_ADC_convert    (abs)        0000
__size_of__Umul8_16      (abs)        0000
__size_of___awdiv        (abs)        0000
__size_of___fladd        (abs)        0000
__size_of___fldiv        (abs)        0000
__size_of___flge         (abs)        0000
__size_of___flmul        (abs)        0000
__size_of___flsub        (abs)        0000
__size_of___fltol        (abs)        0000
__size_of___lwdiv        (abs)        0000
__size_of___lwmod        (abs)        0000
__size_of___wmul         (abs)        0000
__size_of___xxtofl       (abs)        0000
__size_of__doprnt        (abs)        0000
__size_of__fptable       (abs)        0000
__size_of_atoi           (abs)        0000
__size_of_concatenar     (abs)        0000
__size_of_conf_osc       (abs)        0000
__size_of_isdigit        (abs)        0000
__size_of_main           (abs)        0000
__size_of_mensaje        (abs)        0000
__size_of_printf         (abs)        0000
__size_of_putch          (abs)        0000
__size_of_setup          (abs)        0000
__size_of_spiInit        (abs)        0000
__size_of_spiRead        (abs)        0000
__size_of_spiReceiveWait (abs)        0000
__size_of_spiWrite       (abs)        0000
__size_of_sprintf        (abs)        0000
__size_of_strcat         (abs)        0000
__stringbase             strings      100F
__stringtab              strings      1000
_adc0                    bssBANK1     00B8
_adc1                    bssBANK1     00AE
_atoi                    text16       080F
_centena                 bssBANK0     006E
_concatenado             bssBANK1     00AA
_concatenar              text9        1404
_conf_osc                text6        1485
_conv0                   bssBANK1     00A4
_conv1                   bssBANK1     00A0
_decena                  bssBANK1     00AB
_dpowers                 strings      1010
_full                    bssBANK1     00A8
_isdigit                 text17       127C
_isdigit$1216            cstackCOMMON 0071
_main                    maintext     09F9
_mensaje                 text7        169F
_pot1                    bssBANK0     006F
_pot2                    bssBANK1     00AD
_printf                  text8        12B7
_putch                   text13       1263
_setup                   text4        138F
_spiInit                 text5        12A1
_spiRead                 text2        0806
_spiReceiveWait          text3        125C
_spiWrite                text1        0800
_sprintf                 text11       12D1
_strcat                  text10       1366
_unidad                  bssBANK1     00AC
atoi@a                   cstackBANK0  0029
atoi@s                   cstackBANK0  002B
atoi@sign                cstackBANK0  0028
btemp                    (abs)        007E
clear_ram0               clrtext      000D
concatenar@a             cstackBANK0  0036
concatenar@b             cstackBANK0  0038
concatenar@c             cstackBANK0  0063
concatenar@s1            cstackBANK0  004F
concatenar@s2            cstackBANK0  003B
conf_osc@frec            cstackCOMMON 0073
end_of_initialization    cinit        07FC
fpbase                   functab      0009
fptable                  functab      0004
fptotal                  (abs)        0002
init_fetch0              inittext     128E
init_ram0                inittext     1292
intlevel0                functab      0004
intlevel1                functab      0004
intlevel2                functab      0004
intlevel3                functab      0004
intlevel4                functab      0004
intlevel5                functab      0004
isdigit@c                cstackCOMMON 0072
printf@ap                cstackBANK0  0033
printf@f                 cstackBANK0  002E
printf@pb                cstackBANK0  0034
putch@dato               cstackCOMMON 0071
reset_vec                reset_vec    0000
spiInit@sClockIdle       cstackCOMMON 0072
spiInit@sDataSample      cstackCOMMON 0071
spiInit@sTransmitEdge    cstackCOMMON 0073
spiInit@sType            cstackCOMMON 0074
spiWrite@dat             cstackCOMMON 0071
sprintf@ap               cstackBANK0  0032
sprintf@f                cstackBANK0  002E
sprintf@pb               cstackBANK0  0034
sprintf@wh               cstackBANK0  0033
start                    init         0001
start_initialization     cinit        07E4
strcat@cp                cstackCOMMON 0074
strcat@from              cstackCOMMON 0071
strcat@to                cstackCOMMON 0073
wtemp0                   (abs)        007E


FUNCTION INFORMATION:

 *************** function _main *****************
 Defined at:
		line 56 in file "Lab03_master.c"
 Parameters:    Size  Location     Type
		None
 Auto vars:     Size  Location     Type
		None
 Return value:  Size  Location     Type
                  1    wreg      void 
 Registers used:
		wreg, fsr0l, fsr0h, status,2, status,0, btemp+1, pclath, cstack
 Tracked objects:
		On entry : 
		On exit  : 
		Unchanged: 
 Data sizes:     COMMON   BANK0   BANK1   BANK3   BANK2
      Params:         0       0       0       0       0
      Locals:         0       0       0       0       0
      Temps:          0       0       4       0       0
      Totals:         0       0       4       0       0
Total ram usage:        4 bytes
 Hardware stack levels required when called:    5
 This function calls:
		_ADC_convert
		___fldiv
		___flmul
		___xxtofl
		_mensaje
		_setup
		_spiRead
		_spiWrite
 This function is called by:
		Startup code after reset
 This function uses a non-reentrant model


 *************** function _spiWrite *****************
 Defined at:
		line 74 in file "SPI.c"
 Parameters:    Size  Location     Type
  dat             1    wreg     unsigned char 
 Auto vars:     Size  Location     Type
  dat             1    0[COMMON] unsigned char 
 Return value:  Size  Location     Type
                  1    wreg      void 
 Registers used:
		wreg
 Tracked objects:
		On entry : 
		On exit  : 
		Unchanged: 
 Data sizes:     COMMON   BANK0   BANK1   BANK3   BANK2
      Params:         0       0       0       0       0
      Locals:         1       0       0       0       0
      Temps:          0       0       0       0       0
      Totals:         1       0       0       0       0
Total ram usage:        1 bytes
 Hardware stack levels used:    1
 This function calls:
		Nothing
 This function is called by:
		_main
 This function uses a non-reentrant model


 *************** function _spiRead *****************
 Defined at:
		line 87 in file "SPI.c"
 Parameters:    Size  Location     Type
		None
 Auto vars:     Size  Location     Type
		None
 Return value:  Size  Location     Type
                  1    wreg      unsigned char 
 Registers used:
		wreg, status,2, status,0, pclath, cstack
 Tracked objects:
		On entry : 
		On exit  : 
		Unchanged: 
 Data sizes:     COMMON   BANK0   BANK1   BANK3   BANK2
      Params:         0       0       0       0       0
      Locals:         0       0       0       0       0
      Temps:          0       0       0       0       0
      Totals:         0       0       0       0       0
Total ram usage:        0 bytes
 Hardware stack levels used:    1
 Hardware stack levels required when called:    1
 This function calls:
		_spiReceiveWait
 This function is called by:
		_main
 This function uses a non-reentrant model


 *************** function _spiReceiveWait *****************
 Defined at:
		line 69 in file "SPI.c"
 Parameters:    Size  Location     Type
		None
 Auto vars:     Size  Location     Type
		None
 Return value:  Size  Location     Type
                  1    wreg      void 
 Registers used:
		None
 Tracked objects:
		On entry : 
		On exit  : 
		Unchanged: 
 Data sizes:     COMMON   BANK0   BANK1   BANK3   BANK2
      Params:         0       0       0       0       0
      Locals:         0       0       0       0       0
      Temps:          0       0       0       0       0
      Totals:         0       0       0       0       0
Total ram usage:        0 bytes
 Hardware stack levels used:    1
 This function calls:
		Nothing
 This function is called by:
		_spiRead
 This function uses a non-reentrant model


 *************** function _setup *****************
 Defined at:
		line 168 in file "Lab03_master.c"
 Parameters:    Size  Location     Type
		None
 Auto vars:     Size  Location     Type
		None
 Return value:  Size  Location     Type
                  1    wreg      void 
 Registers used:
		wreg, fsr0l, fsr0h, status,2, status,0, pclath, cstack
 Tracked objects:
		On entry : 
		On exit  : 
		Unchanged: 
 Data sizes:     COMMON   BANK0   BANK1   BANK3   BANK2
      Params:         0       0       0       0       0
      Locals:         0       0       0       0       0
      Temps:          0       0       0       0       0
      Totals:         0       0       0       0       0
Total ram usage:        0 bytes
 Hardware stack levels used:    1
 Hardware stack levels required when called:    1
 This function calls:
		_conf_osc
		_spiInit
 This function is called by:
		_main
 This function uses a non-reentrant model


 *************** function _spiInit *****************
 Defined at:
		line 52 in file "SPI.c"
 Parameters:    Size  Location     Type
  sType           1    wreg     enum E1475
  sDataSample     1    0[COMMON] enum E1483
  sClockIdle      1    1[COMMON] enum E1487
  sTransmitEdg    1    2[COMMON] enum E1491
 Auto vars:     Size  Location     Type
  sType           1    3[COMMON] enum E1475
 Return value:  Size  Location     Type
                  1    wreg      void 
 Registers used:
		wreg, status,2, status,0
 Tracked objects:
		On entry : 
		On exit  : 
		Unchanged: 
 Data sizes:     COMMON   BANK0   BANK1   BANK3   BANK2
      Params:         3       0       0       0       0
      Locals:         1       0       0       0       0
      Temps:          0       0       0       0       0
      Totals:         4       0       0       0       0
Total ram usage:        4 bytes
 Hardware stack levels used:    1
 This function calls:
		Nothing
 This function is called by:
		_setup
 This function uses a non-reentrant model


 *************** function _conf_osc *****************
 Defined at:
		line 23 in file "configuraciones_pic.c"
 Parameters:    Size  Location     Type
  frec            1    wreg     unsigned char 
 Auto vars:     Size  Location     Type
  frec            1    2[COMMON] unsigned char 
 Return value:  Size  Location     Type
                  1    wreg      void 
 Registers used:
		wreg, fsr0l, fsr0h, status,2, status,0
 Tracked objects:
		On entry : 
		On exit  : 
		Unchanged: 
 Data sizes:     COMMON   BANK0   BANK1   BANK3   BANK2
      Params:         0       0       0       0       0
      Locals:         1       0       0       0       0
      Temps:          2       0       0       0       0
      Totals:         3       0       0       0       0
Total ram usage:        3 bytes
 Hardware stack levels used:    1
 This function calls:
		Nothing
 This function is called by:
		_setup
 This function uses a non-reentrant model


 *************** function _mensaje *****************
 Defined at:
		line 91 in file "Lab03_master.c"
 Parameters:    Size  Location     Type
		None
 Auto vars:     Size  Location     Type
		None
 Return value:  Size  Location     Type
                  1    wreg      void 
 Registers used:
		wreg, fsr0l, fsr0h, status,2, status,0, btemp+1, pclath, cstack
 Tracked objects:
		On entry : 
		On exit  : 
		Unchanged: 
 Data sizes:     COMMON   BANK0   BANK1   BANK3   BANK2
      Params:         0       0       0       0       0
      Locals:         0       0       0       0       0
      Temps:          0       5       0       0       0
      Totals:         0       5       0       0       0
Total ram usage:        5 bytes
 Hardware stack levels used:    1
 Hardware stack levels required when called:    4
 This function calls:
		_concatenar
		_printf
 This function is called by:
		_main
 This function uses a non-reentrant model


 *************** function _printf *****************
 Defined at:
		line 13 in file "C:\Program Files\Microchip\xc8\v2.31\pic\sources\c90\common\printf.c"
 Parameters:    Size  Location     Type
  f               2   14[BANK0 ] PTR const unsigned char 
		 -> STR_8(25), STR_7(21), STR_6(20), STR_5(30), 
		 -> STR_4(18), STR_3(15), STR_2(18), STR_1(15), 
		 -> adc1(10), adc0(10), 
 Auto vars:     Size  Location     Type
  pb              2   20[BANK0 ] struct __prbuf
  ap              1   19[BANK0 ] PTR void [1]
		 -> ?_sprintf(2), ?_printf(2), 
 Return value:  Size  Location     Type
                  2   14[BANK0 ] int 
 Registers used:
		wreg, fsr0l, fsr0h, status,2, status,0, btemp+1, pclath, cstack
 Tracked objects:
		On entry : 
		On exit  : 
		Unchanged: 
 Data sizes:     COMMON   BANK0   BANK1   BANK3   BANK2
      Params:         0       4       0       0       0
      Locals:         0       3       0       0       0
      Temps:          0       1       0       0       0
      Totals:         0       8       0       0       0
Total ram usage:        8 bytes
 Hardware stack levels used:    1
 Hardware stack levels required when called:    2
 This function calls:
		__doprnt
 This function is called by:
		_mensaje
 This function uses a non-reentrant model


 *************** function _concatenar *****************
 Defined at:
		line 150 in file "Lab03_master.c"
 Parameters:    Size  Location     Type
  a               2   22[BANK0 ] int 
  b               2   24[BANK0 ] int 
 Auto vars:     Size  Location     Type
  s1             20   47[BANK0 ] unsigned char [20]
  s2             20   27[BANK0 ] unsigned char [20]
  c               2   67[BANK0 ] int 
 Return value:  Size  Location     Type
                  2   22[BANK0 ] int 
 Registers used:
		wreg, fsr0l, fsr0h, status,2, status,0, btemp+1, pclath, cstack
 Tracked objects:
		On entry : 
		On exit  : 
		Unchanged: 
 Data sizes:     COMMON   BANK0   BANK1   BANK3   BANK2
      Params:         0       4       0       0       0
      Locals:         0      42       0       0       0
      Temps:          0       1       0       0       0
      Totals:         0      47       0       0       0
Total ram usage:       47 bytes
 Hardware stack levels used:    1
 Hardware stack levels required when called:    3
 This function calls:
		_atoi
		_sprintf
		_strcat
 This function is called by:
		_mensaje
 This function uses a non-reentrant model


 *************** function _strcat *****************
 Defined at:
		line 8 in file "C:\Program Files\Microchip\xc8\v2.31\pic\sources\c90\common\strcat.c"
 Parameters:    Size  Location     Type
  to              1    wreg     PTR unsigned char 
		 -> concatenar@s1(20), 
  from            1    0[COMMON] PTR const unsigned char 
		 -> concatenar@s2(20), 
 Auto vars:     Size  Location     Type
  to              1    2[COMMON] PTR unsigned char 
		 -> concatenar@s1(20), 
  cp              1    3[COMMON] PTR unsigned char 
		 -> concatenar@s1(20), 
 Return value:  Size  Location     Type
                  1    wreg      PTR unsigned char 
 Registers used:
		wreg, fsr0l, fsr0h, status,2, status,0
 Tracked objects:
		On entry : 
		On exit  : 
		Unchanged: 
 Data sizes:     COMMON   BANK0   BANK1   BANK3   BANK2
      Params:         1       0       0       0       0
      Locals:         2       0       0       0       0
      Temps:          1       0       0       0       0
      Totals:         4       0       0       0       0
Total ram usage:        4 bytes
 Hardware stack levels used:    1
 This function calls:
		Nothing
 This function is called by:
		_concatenar
 This function uses a non-reentrant model


 *************** function _sprintf *****************
 Defined at:
		line 13 in file "C:\Program Files\Microchip\xc8\v2.31\pic\sources\c90\common\sprintf.c"
 Parameters:    Size  Location     Type
  wh              1    wreg     PTR unsigned char 
		 -> concatenar@s2(20), concatenar@s1(20), 
  f               1   14[BANK0 ] PTR const unsigned char 
		 -> STR_10(3), STR_9(3), 
 Auto vars:     Size  Location     Type
  wh              1   19[BANK0 ] PTR unsigned char 
		 -> concatenar@s2(20), concatenar@s1(20), 
  pb              2   20[BANK0 ] struct __prbuf
  ap              1   18[BANK0 ] PTR void [1]
		 -> ?_sprintf(2), ?_printf(2), 
 Return value:  Size  Location     Type
                  2   14[BANK0 ] int 
 Registers used:
		wreg, fsr0l, fsr0h, status,2, status,0, btemp+1, pclath, cstack
 Tracked objects:
		On entry : 
		On exit  : 
		Unchanged: 
 Data sizes:     COMMON   BANK0   BANK1   BANK3   BANK2
      Params:         0       3       0       0       0
      Locals:         0       4       0       0       0
      Temps:          0       1       0       0       0
      Totals:         0       8       0       0       0
Total ram usage:        8 bytes
 Hardware stack levels used:    1
 Hardware stack levels required when called:    2
 This function calls:
		__doprnt
 This function is called by:
		_concatenar
 This function uses a non-reentrant model


 *************** function __doprnt *****************
 Defined at:
		line 471 in file "C:\Program Files\Microchip\xc8\v2.31\pic\sources\c90\common\doprnt.c"
 Parameters:    Size  Location     Type
  pb              1    wreg     PTR struct __prbuf
		 -> sprintf@pb(2), printf@pb(2), 
  f               2    1[BANK0 ] PTR const unsigned char 
		 -> STR_10(3), STR_9(3), STR_8(25), STR_7(21), 
		 -> STR_6(20), STR_5(30), STR_4(18), STR_3(15), 
		 -> STR_2(18), STR_1(15), adc1(10), adc0(10), 
  ap              1    3[BANK0 ] PTR PTR void 
		 -> sprintf@ap(1), printf@ap(1), 
 Auto vars:     Size  Location     Type
  pb              1   13[BANK0 ] PTR struct __prbuf
		 -> sprintf@pb(2), printf@pb(2), 
  tmpval          4    0        struct .
  val             2   10[BANK0 ] unsigned int 
  cp              2    0        PTR const unsigned char 
  len             2    0        unsigned int 
  c               1   12[BANK0 ] unsigned char 
  prec            1    9[BANK0 ] char 
  flag            1    8[BANK0 ] unsigned char 
 Return value:  Size  Location     Type
                  2    1[BANK0 ] int 
 Registers used:
		wreg, fsr0l, fsr0h, status,2, status,0, btemp+1, pclath, cstack
 Tracked objects:
		On entry : 
		On exit  : 
		Unchanged: 
 Data sizes:     COMMON   BANK0   BANK1   BANK3   BANK2
      Params:         0       3       0       0       0
      Locals:         0       6       0       0       0
      Temps:          0       4       0       0       0
      Totals:         0      13       0       0       0
Total ram usage:       13 bytes
 Hardware stack levels used:    1
 Hardware stack levels required when called:    1
 This function calls:
		Absolute function
		___lwdiv
		___lwmod
		_putch
 This function is called by:
		_printf
		_sprintf
 This function uses a non-reentrant model


 *************** function _putch *****************
 Defined at:
		line 144 in file "Lab03_master.c"
 Parameters:    Size  Location     Type
  dato            1    0[COMMON] unsigned char 
 Auto vars:     Size  Location     Type
		None
 Return value:  Size  Location     Type
                  1    wreg      void 
 Registers used:
		wreg
 Tracked objects:
		On entry : 
		On exit  : 
		Unchanged: 
 Data sizes:     COMMON   BANK0   BANK1   BANK3   BANK2
      Params:         1       0       0       0       0
      Locals:         0       0       0       0       0
      Temps:          0       0       0       0       0
      Totals:         1       0       0       0       0
Total ram usage:        1 bytes
 Hardware stack levels used:    1
 This function calls:
		Nothing
 This function is called by:
		_printf
		__doprnt
 This function uses a non-reentrant model


 *************** function ___lwmod *****************
 Defined at:
		line 5 in file "C:\Program Files\Microchip\xc8\v2.31\pic\sources\c90\common\lwmod.c"
 Parameters:    Size  Location     Type
  divisor         2    8[COMMON] unsigned int 
  dividend        2   10[COMMON] unsigned int 
 Auto vars:     Size  Location     Type
  counter         1    0[BANK0 ] unsigned char 
 Return value:  Size  Location     Type
                  2    8[COMMON] unsigned int 
 Registers used:
		wreg, status,2, status,0
 Tracked objects:
		On entry : 
		On exit  : 
		Unchanged: 
 Data sizes:     COMMON   BANK0   BANK1   BANK3   BANK2
      Params:         4       0       0       0       0
      Locals:         0       1       0       0       0
      Temps:          1       0       0       0       0
      Totals:         5       1       0       0       0
Total ram usage:        6 bytes
 Hardware stack levels used:    1
 This function calls:
		Nothing
 This function is called by:
		__doprnt
 This function uses a non-reentrant model


 *************** function ___lwdiv *****************
 Defined at:
		line 5 in file "C:\Program Files\Microchip\xc8\v2.31\pic\sources\c90\common\lwdiv.c"
 Parameters:    Size  Location     Type
  divisor         2    0[COMMON] unsigned int 
  dividend        2    2[COMMON] unsigned int 
 Auto vars:     Size  Location     Type
  quotient        2    5[COMMON] unsigned int 
  counter         1    7[COMMON] unsigned char 
 Return value:  Size  Location     Type
                  2    0[COMMON] unsigned int 
 Registers used:
		wreg, status,2, status,0
 Tracked objects:
		On entry : 
		On exit  : 
		Unchanged: 
 Data sizes:     COMMON   BANK0   BANK1   BANK3   BANK2
      Params:         4       0       0       0       0
      Locals:         3       0       0       0       0
      Temps:          1       0       0       0       0
      Totals:         8       0       0       0       0
Total ram usage:        8 bytes
 Hardware stack levels used:    1
 This function calls:
		Nothing
 This function is called by:
		__doprnt
 This function uses a non-reentrant model


 *************** function _atoi *****************
 Defined at:
		line 5 in file "C:\Program Files\Microchip\xc8\v2.31\pic\sources\c90\common\atoi.c"
 Parameters:    Size  Location     Type
  s               1    wreg     PTR const unsigned char 
		 -> concatenar@s1(20), 
 Auto vars:     Size  Location     Type
  s               1   11[BANK0 ] PTR const unsigned char 
		 -> concatenar@s1(20), 
  a               2    9[BANK0 ] int 
  sign            1    8[BANK0 ] unsigned char 
 Return value:  Size  Location     Type
                  2    4[BANK0 ] int 
 Registers used:
		wreg, fsr0l, fsr0h, status,2, status,0, pclath, cstack
 Tracked objects:
		On entry : 
		On exit  : 
		Unchanged: 
 Data sizes:     COMMON   BANK0   BANK1   BANK3   BANK2
      Params:         0       2       0       0       0
      Locals:         0       4       0       0       0
      Temps:          0       2       0       0       0
      Totals:         0       8       0       0       0
Total ram usage:        8 bytes
 Hardware stack levels used:    1
 Hardware stack levels required when called:    1
 This function calls:
		___wmul
		_isdigit
 This function is called by:
		_concatenar
 This function uses a non-reentrant model


 *************** function _isdigit *****************
 Defined at:
		line 8 in file "C:\Program Files\Microchip\xc8\v2.31\pic\sources\c90\common\isdigit.c"
 Parameters:    Size  Location     Type
  c               1    wreg     unsigned char 
 Auto vars:     Size  Location     Type
  c               1    1[COMMON] unsigned char 
 Return value:  Size  Location     Type
		None               void
 Registers used:
		wreg, status,2, status,0
 Tracked objects:
		On entry : 
		On exit  : 
		Unchanged: 
 Data sizes:     COMMON   BANK0   BANK1   BANK3   BANK2
      Params:         0       0       0       0       0
      Locals:         2       0       0       0       0
      Temps:          0       0       0       0       0
      Totals:         2       0       0       0       0
Total ram usage:        2 bytes
 Hardware stack levels used:    1
 This function calls:
		Nothing
 This function is called by:
		_atoi
 This function uses a non-reentrant model


 *************** function _ADC_convert *****************
 Defined at:
		line 66 in file "ADC.c"
 Parameters:    Size  Location     Type
  data            1    wreg     PTR unsigned char 
		 -> adc1(10), adc0(10), 
  a               4   70[BANK0 ] float 
  place           2   74[BANK0 ] int 
 Auto vars:     Size  Location     Type
  data            1    4[BANK1 ] PTR unsigned char 
		 -> adc1(10), adc0(10), 
  x               4    5[BANK1 ] float 
  mu              2   13[BANK1 ] int 
  digits          2   11[BANK1 ] int 
  i               2    9[BANK1 ] int 
  j               2    2[BANK1 ] int 
  temp            2    0[BANK1 ] int 
 Return value:  Size  Location     Type
                  1    wreg      void 
 Registers used:
		wreg, fsr0l, fsr0h, status,2, status,0, btemp+1, pclath, cstack
 Tracked objects:
		On entry : 
		On exit  : 
		Unchanged: 
 Data sizes:     COMMON   BANK0   BANK1   BANK3   BANK2
      Params:         0       6       0       0       0
      Locals:         0       0      15       0       0
      Temps:          0       2       0       0       0
      Totals:         0       8      15       0       0
Total ram usage:       23 bytes
 Hardware stack levels used:    1
 Hardware stack levels required when called:    2
 This function calls:
		___awdiv
		___fldiv
		___flge
		___flmul
		___flsub
		___fltol
		___wmul
		___xxtofl
 This function is called by:
		_main
 This function uses a non-reentrant model


 *************** function ___xxtofl *****************
 Defined at:
		line 10 in file "C:\Program Files\Microchip\xc8\v2.31\pic\sources\c90\common\xxtofl.c"
 Parameters:    Size  Location     Type
  sign            1    wreg     unsigned char 
  val             4    4[BANK0 ] long 
 Auto vars:     Size  Location     Type
  sign            1   12[BANK0 ] unsigned char 
  arg             4   14[BANK0 ] unsigned long 
  exp             1   13[BANK0 ] unsigned char 
 Return value:  Size  Location     Type
                  4    4[BANK0 ] unsigned char 
 Registers used:
		wreg, status,2, status,0
 Tracked objects:
		On entry : 
		On exit  : 
		Unchanged: 
 Data sizes:     COMMON   BANK0   BANK1   BANK3   BANK2
      Params:         0       4       0       0       0
      Locals:         0       6       0       0       0
      Temps:          0       4       0       0       0
      Totals:         0      14       0       0       0
Total ram usage:       14 bytes
 Hardware stack levels used:    1
 This function calls:
		Nothing
 This function is called by:
		_main
		_ADC_convert
 This function uses a non-reentrant model


 *************** function ___wmul *****************
 Defined at:
		line 15 in file "C:\Program Files\Microchip\xc8\v2.31\pic\sources\c90\common\Umul16.c"
 Parameters:    Size  Location     Type
  multiplier      2    0[BANK0 ] unsigned int 
  multiplicand    2    2[BANK0 ] unsigned int 
 Auto vars:     Size  Location     Type
  product         2   11[COMMON] unsigned int 
 Return value:  Size  Location     Type
                  2    0[BANK0 ] unsigned int 
 Registers used:
		wreg, status,2, status,0
 Tracked objects:
		On entry : 
		On exit  : 
		Unchanged: 
 Data sizes:     COMMON   BANK0   BANK1   BANK3   BANK2
      Params:         0       4       0       0       0
      Locals:         2       0       0       0       0
      Temps:          0       0       0       0       0
      Totals:         2       4       0       0       0
Total ram usage:        6 bytes
 Hardware stack levels used:    1
 This function calls:
		Nothing
 This function is called by:
		_ADC_convert
		_atoi
 This function uses a non-reentrant model


 *************** function ___fltol *****************
 Defined at:
		line 43 in file "C:\Program Files\Microchip\xc8\v2.31\pic\sources\c90\common\fltol.c"
 Parameters:    Size  Location     Type
  f1              4    0[COMMON] unsigned int 
 Auto vars:     Size  Location     Type
  exp1            1   10[COMMON] unsigned char 
  sign1           1    9[COMMON] unsigned char 
 Return value:  Size  Location     Type
                  4    0[COMMON] long 
 Registers used:
		wreg, status,2, status,0
 Tracked objects:
		On entry : 
		On exit  : 
		Unchanged: 
 Data sizes:     COMMON   BANK0   BANK1   BANK3   BANK2
      Params:         4       0       0       0       0
      Locals:         2       0       0       0       0
      Temps:          5       0       0       0       0
      Totals:        11       0       0       0       0
Total ram usage:       11 bytes
 Hardware stack levels used:    1
 This function calls:
		Nothing
 This function is called by:
		_ADC_convert
 This function uses a non-reentrant model


 *************** function ___flsub *****************
 Defined at:
		line 242 in file "C:\Program Files\Microchip\xc8\v2.31\pic\sources\c90\common\sprcadd.c"
 Parameters:    Size  Location     Type
  a               4   18[BANK0 ] long 
  b               4   22[BANK0 ] long 
 Auto vars:     Size  Location     Type
		None
 Return value:  Size  Location     Type
                  4   18[BANK0 ] long 
 Registers used:
		wreg, status,2, status,0, btemp+1, pclath, cstack
 Tracked objects:
		On entry : 
		On exit  : 
		Unchanged: 
 Data sizes:     COMMON   BANK0   BANK1   BANK3   BANK2
      Params:         0       8       0       0       0
      Locals:         0       0       0       0       0
      Temps:          0       0       0       0       0
      Totals:         0       8       0       0       0
Total ram usage:        8 bytes
 Hardware stack levels used:    1
 Hardware stack levels required when called:    1
 This function calls:
		___fladd
 This function is called by:
		_ADC_convert
 This function uses a non-reentrant model


 *************** function ___fladd *****************
 Defined at:
		line 10 in file "C:\Program Files\Microchip\xc8\v2.31\pic\sources\c90\common\sprcadd.c"
 Parameters:    Size  Location     Type
  b               4    0[COMMON] long 
  a               4    4[COMMON] long 
 Auto vars:     Size  Location     Type
  grs             1   11[COMMON] unsigned char 
  bexp            1   10[COMMON] unsigned char 
  aexp            1    9[COMMON] unsigned char 
  signs           1    8[COMMON] unsigned char 
 Return value:  Size  Location     Type
                  4    0[COMMON] unsigned char 
 Registers used:
		wreg, status,2, status,0, btemp+1
 Tracked objects:
		On entry : 
		On exit  : 
		Unchanged: 
 Data sizes:     COMMON   BANK0   BANK1   BANK3   BANK2
      Params:         8       0       0       0       0
      Locals:         4       0       0       0       0
      Temps:          0       8       0       0       0
      Totals:        12       8       0       0       0
Total ram usage:       20 bytes
 Hardware stack levels used:    1
 This function calls:
		Nothing
 This function is called by:
		___flsub
 This function uses a non-reentrant model


 *************** function ___flmul *****************
 Defined at:
		line 8 in file "C:\Program Files\Microchip\xc8\v2.31\pic\sources\c90\common\sprcmul.c"
 Parameters:    Size  Location     Type
  b               4   44[BANK0 ] unsigned char 
  a               4   48[BANK0 ] unsigned char 
 Auto vars:     Size  Location     Type
  prod            4   64[BANK0 ] struct .
  grs             4   58[BANK0 ] unsigned long 
  temp            2   68[BANK0 ] struct .
  bexp            1   63[BANK0 ] unsigned char 
  aexp            1   62[BANK0 ] unsigned char 
  sign            1   57[BANK0 ] unsigned char 
 Return value:  Size  Location     Type
                  4   44[BANK0 ] unsigned char 
 Registers used:
		wreg, status,2, status,0, btemp+1, pclath, cstack
 Tracked objects:
		On entry : 
		On exit  : 
		Unchanged: 
 Data sizes:     COMMON   BANK0   BANK1   BANK3   BANK2
      Params:         0       8       0       0       0
      Locals:         0      13       0       0       0
      Temps:          0       5       0       0       0
      Totals:         0      26       0       0       0
Total ram usage:       26 bytes
 Hardware stack levels used:    1
 Hardware stack levels required when called:    1
 This function calls:
		__Umul8_16
 This function is called by:
		_main
		_ADC_convert
 This function uses a non-reentrant model


 *************** function __Umul8_16 *****************
 Defined at:
		line 4 in file "C:\Program Files\Microchip\xc8\v2.31\pic\sources\c90\common\Umul8_16.c"
 Parameters:    Size  Location     Type
  multiplier      1    wreg     unsigned char 
  multiplicand    1    0[COMMON] unsigned char 
 Auto vars:     Size  Location     Type
  multiplier      1    8[COMMON] unsigned char 
  word_mpld       2    6[COMMON] unsigned int 
  product         2    4[COMMON] unsigned int 
 Return value:  Size  Location     Type
                  2    0[COMMON] unsigned int 
 Registers used:
		wreg, status,2, status,0
 Tracked objects:
		On entry : 
		On exit  : 
		Unchanged: 
 Data sizes:     COMMON   BANK0   BANK1   BANK3   BANK2
      Params:         2       0       0       0       0
      Locals:         5       0       0       0       0
      Temps:          2       0       0       0       0
      Totals:         9       0       0       0       0
Total ram usage:        9 bytes
 Hardware stack levels used:    1
 This function calls:
		Nothing
 This function is called by:
		___flmul
 This function uses a non-reentrant model


 *************** function ___flge *****************
 Defined at:
		line 4 in file "C:\Program Files\Microchip\xc8\v2.31\pic\sources\c90\common\flge.c"
 Parameters:    Size  Location     Type
  ff1             4    0[COMMON] unsigned int 
  ff2             4    4[COMMON] unsigned int 
 Auto vars:     Size  Location     Type
		None
 Return value:  Size  Location     Type
		None               void
 Registers used:
		wreg, status,2, status,0
 Tracked objects:
		On entry : 
		On exit  : 
		Unchanged: 
 Data sizes:     COMMON   BANK0   BANK1   BANK3   BANK2
      Params:         8       0       0       0       0
      Locals:         0       0       0       0       0
      Temps:          4       0       0       0       0
      Totals:        12       0       0       0       0
Total ram usage:       12 bytes
 Hardware stack levels used:    1
 This function calls:
		Nothing
 This function is called by:
		_ADC_convert
 This function uses a non-reentrant model


 *************** function ___fldiv *****************
 Defined at:
		line 8 in file "C:\Program Files\Microchip\xc8\v2.31\pic\sources\c90\common\sprcdiv.c"
 Parameters:    Size  Location     Type
  a               4   18[BANK0 ] unsigned int 
  b               4   22[BANK0 ] unsigned int 
 Auto vars:     Size  Location     Type
  grs             4   38[BANK0 ] unsigned long 
  rem             4   31[BANK0 ] unsigned long 
  new_exp         2   36[BANK0 ] int 
  aexp            1   43[BANK0 ] unsigned char 
  bexp            1   42[BANK0 ] unsigned char 
  sign            1   35[BANK0 ] unsigned char 
 Return value:  Size  Location     Type
                  4   18[BANK0 ] unsigned char 
 Registers used:
		wreg, status,2, status,0, btemp+1
 Tracked objects:
		On entry : 
		On exit  : 
		Unchanged: 
 Data sizes:     COMMON   BANK0   BANK1   BANK3   BANK2
      Params:         0       8       0       0       0
      Locals:         0      13       0       0       0
      Temps:          0       5       0       0       0
      Totals:         0      26       0       0       0
Total ram usage:       26 bytes
 Hardware stack levels used:    1
 This function calls:
		Nothing
 This function is called by:
		_main
		_ADC_convert
 This function uses a non-reentrant model


 *************** function ___awdiv *****************
 Defined at:
		line 5 in file "C:\Program Files\Microchip\xc8\v2.31\pic\sources\c90\common\awdiv.c"
 Parameters:    Size  Location     Type
  divisor         2    0[COMMON] int 
  dividend        2    2[COMMON] int 
 Auto vars:     Size  Location     Type
  quotient        2    7[COMMON] int 
  sign            1    6[COMMON] unsigned char 
  counter         1    5[COMMON] unsigned char 
 Return value:  Size  Location     Type
                  2    0[COMMON] int 
 Registers used:
		wreg, status,2, status,0
 Tracked objects:
		On entry : 
		On exit  : 
		Unchanged: 
 Data sizes:     COMMON   BANK0   BANK1   BANK3   BANK2
      Params:         4       0       0       0       0
      Locals:         4       0       0       0       0
      Temps:          1       0       0       0       0
      Totals:         9       0       0       0       0
Total ram usage:        9 bytes
 Hardware stack levels used:    1
 This function calls:
		Nothing
 This function is called by:
		_ADC_convert
 This function uses a non-reentrant model



MODULE INFORMATION

Module		Function		Class		Link	Load	Size
C:\Program Files\Microchip\xc8\v2.31\pic\sources\c90\common\flge.c
		___flge        		CODE           	1541	0000	162

C:\Program Files\Microchip\xc8\v2.31\pic\sources\c90\common\flge.c estimated size: 162

C:\Program Files\Microchip\xc8\v2.31\pic\sources\c90\common\sprcmul.c
		___flmul       		CODE           	008F	0000	865

C:\Program Files\Microchip\xc8\v2.31\pic\sources\c90\common\sprcmul.c estimated size: 865

C:\Program Files\Microchip\xc8\v2.31\pic\sources\c90\common\sprcdiv.c
		___fldiv       		CODE           	0B8B	0000	477

C:\Program Files\Microchip\xc8\v2.31\pic\sources\c90\common\sprcdiv.c estimated size: 477

C:\Program Files\Microchip\xc8\v2.31\pic\sources\c90\common\Umul8_16.c
		__Umul8_16     		CODE           	1318	0000	39

C:\Program Files\Microchip\xc8\v2.31\pic\sources\c90\common\Umul8_16.c estimated size: 39

C:\Program Files\Microchip\xc8\v2.31\pic\sources\c90\common\doprnt.c
		__doprnt       		CODE           	0892	0000	359

C:\Program Files\Microchip\xc8\v2.31\pic\sources\c90\common\doprnt.c estimated size: 359

C:\Program Files\Microchip\xc8\v2.31\pic\sources\c90\common\lwmod.c
		___lwmod       		CODE           	13C8	0000	60

C:\Program Files\Microchip\xc8\v2.31\pic\sources\c90\common\lwmod.c estimated size: 60

C:\Program Files\Microchip\xc8\v2.31\pic\sources\c90\common\Umul16.c
		___wmul        		CODE           	133F	0000	39

C:\Program Files\Microchip\xc8\v2.31\pic\sources\c90\common\Umul16.c estimated size: 39

C:\Program Files\Microchip\xc8\v2.31\pic\sources\c90\common\isdigit.c
		_isdigit       		CODE           	127C	0000	18

C:\Program Files\Microchip\xc8\v2.31\pic\sources\c90\common\isdigit.c estimated size: 18

C:\Program Files\Microchip\xc8\v2.31\pic\sources\c90\common\sprcadd.c
		___flsub       		CODE           	12F4	0000	36
		___fladd       		CODE           	0D68	0000	664

C:\Program Files\Microchip\xc8\v2.31\pic\sources\c90\common\sprcadd.c estimated size: 700

C:\Program Files\Microchip\xc8\v2.31\pic\sources\c90\common\atoi.c
		_atoi          		CODE           	080F	0000	131

C:\Program Files\Microchip\xc8\v2.31\pic\sources\c90\common\atoi.c estimated size: 131

C:\Program Files\Microchip\xc8\v2.31\pic\sources\c90\common\strcat.c
		_strcat        		CODE           	1366	0000	41

C:\Program Files\Microchip\xc8\v2.31\pic\sources\c90\common\strcat.c estimated size: 41

C:\Program Files\Microchip\xc8\v2.31\pic\sources\c90\common\sprintf.c
		_sprintf       		CODE           	12D1	0000	35

C:\Program Files\Microchip\xc8\v2.31\pic\sources\c90\common\sprintf.c estimated size: 35

configuraciones_pic.c
		_conf_osc      		CODE           	1485	0000	85

configuraciones_pic.c estimated size: 85

C:\Program Files\Microchip\xc8\v2.31\pic\sources\c90\common\lwdiv.c
		___lwdiv       		CODE           	1441	0000	68

C:\Program Files\Microchip\xc8\v2.31\pic\sources\c90\common\lwdiv.c estimated size: 68

C:\Program Files\Microchip\xc8\v2.31\pic\sources\c90\common\awdiv.c
		___awdiv       		CODE           	14DA	0000	103

C:\Program Files\Microchip\xc8\v2.31\pic\sources\c90\common\awdiv.c estimated size: 103

shared
		__stringtab    		STRING         	1000	0000	16
		_dpowers       		STRING         	1010	0000	10
		__initialization		CODE           	07E4	0000	24
		__fptable      		ENTRY          	0004	0000	9

shared estimated size: 59

C:\Program Files\Microchip\xc8\v2.31\pic\sources\c90\common\fltol.c
		___fltol       		CODE           	0015	0000	122

C:\Program Files\Microchip\xc8\v2.31\pic\sources\c90\common\fltol.c estimated size: 122

C:\Program Files\Microchip\xc8\v2.31\pic\sources\c90\common\xxtofl.c
		___xxtofl      		CODE           	15E3	0000	188

C:\Program Files\Microchip\xc8\v2.31\pic\sources\c90\common\xxtofl.c estimated size: 188

C:\Program Files\Microchip\xc8\v2.31\pic\sources\c90\common\printf.c
		_printf        		CODE           	12B7	0000	26

C:\Program Files\Microchip\xc8\v2.31\pic\sources\c90\common\printf.c estimated size: 26

ADC.c
		_ADC_convert   		CODE           	03F0	0000	1012

ADC.c estimated size: 1012

Lab03_master.c
		_putch         		CODE           	1263	0000	9
		_main          		CODE           	09F9	0000	402
		_mensaje       		CODE           	169F	0000	353
		_setup         		CODE           	138F	0000	57
		_concatenar    		CODE           	1404	0000	61

Lab03_master.c estimated size: 882

SPI.c
		_spiWrite      		CODE           	0800	0000	6
		_spiInit       		CODE           	12A1	0000	22
		_spiReceiveWait		CODE           	125C	0000	7
		_spiRead       		CODE           	0806	0000	9

SPI.c estimated size: 44

