Microchip MPLAB XC8 Compiler V2.31

Linker command line:

-W-3 --edf=C:\Program Files\Microchip\xc8\v2.31\pic\dat\en_msgs.txt -cn \
  -h+dist/default/production\Labs_digital2.production.sym \
  --cmf=dist/default/production\Labs_digital2.production.cmf -z -Q16F887 \
  -oC:\Users\pablo\AppData\Local\Temp\sb5g.2 --defsym=__MPLAB_BUILD=1 \
  -Mdist/default/production/Labs_digital2.production.map -E1 \
  -ver=XC8 Compiler --acfsm=1493 -ASTACK=0110h-016Fh -pstack=STACK \
  -ACODE=00h-07FFhx4 -ASTRCODE=00h-01FFFh -ASTRING=00h-0FFhx32 \
  -ACONST=00h-0FFhx32 -AENTRY=00h-0FFhx32 -ACOMMON=070h-07Fh \
  -ABANK0=020h-06Fh -ABANK1=0A0h-0EFh -ABANK2=0110h-016Fh \
  -ABANK3=0190h-01EFh -ARAM=020h-06Fh,0A0h-0EFh,0110h-016Fh,0190h-01EFh \
  -AABS1=020h-07Fh,0A0h-0EFh,0110h-016Fh,0190h-01EFh -ASFR0=00h-01Fh \
  -ASFR1=080h-09Fh -ASFR2=0100h-010Fh -ASFR3=0180h-018Fh \
  -ACONFIG=02007h-02008h -DCONFIG=2 -AIDLOC=02000h-02003h -DIDLOC=2 \
  -AEEDATA=00h-0FFh/02100h -peeprom_data=EEDATA -DEEDATA=2 -DCODE=2 \
  -DSTRCODE=2 -DSTRING=2 -DCONST=2 -DENTRY=2 \
  -preset_vec=00h,intentry,init,end_init -ppowerup=CODE -pcinit=CODE \
  -pfunctab=ENTRY -k C:\Users\pablo\AppData\Local\Temp\sb5g.o \
  dist/default/production\Labs_digital2.production.o 

Object code version is 3.11

Machine type is 16F887



                Name                               Link     Load   Length Selector   Space Scale
C:\Users\pablo\AppData\Local\Temp\sb5g.o
                end_init                              0        0        3        0       0
                config                             2007     2007        2        0       4
dist/default/production\Labs_digital2.production.o
                cinit                               7E4      7E4       1C      FC8       0
                config                             2007     2007        2        0       4
                text26                             14DB     14DB       67     29B6       0
                text25                              901      901      1DD     1202       0
                text24                             16AE     16AE       A2     2D5C       0
                text23                             1363     1363       27     26C6       0
                text22                               8F       8F      361      11E       0
                text21                              D68      D68      298     1AD0       0
                text20                             131B     131B       24     2636       0
                text19                               15       15       7A       2A       0
                text18                             138A     138A       27     2714       0
                text17                              845      845       BC     108A       0
                text16                              3F0      3F0      3F4      7E0       0
                text15                             12B3     12B3        6     2566       0
                text14                             1301     1301       1A     2602       0
                text13                             12CB     12CB        D     2596       0
                text12                              800      800       45      FC8       0
                text11                             133F     133F       24     267E       0
                text10                             12EB     12EB       16     25D6       0
                text9                              13F2     13F2       42     27E4       0
                text8                              1750     1750       B0     2EA0       0
                text7                              15AB     15AB       6F     2B56       0
                text6                              12C1     12C1        A     2582       0
                text5                              1434     1434       52     2868       0
                text4                              161A     161A       94     2C34       0
                text3                              1542     1542       69     2A84       0
                text2                              1486     1486       55     290C       0
                text1                              13B1     13B1       41     2762       0
                maintext                            ADE      ADE      28A     15BC       0
                cstackBANK0                          20       20       4E       20       1
                cstackCOMMON                         70       70        D       70       1
                cstackBANK1                          D8       D8       17       A0       1
                clrtext                            12B9     12B9        8     2572       0
                inittext                           12D8     12D8       13     25B0       0
                dataBANK3                           190      190       10      190       1
                bssBANK1                             A0       A0       38       A0       1
                bssCOMMON                            7D       7D        1       70       1
                strings                            1000     1000       4A     2000       0
                idataBANK3                            5        5       10        A       0

TOTAL           Name                               Link     Load   Length     Space
        CLASS   STACK          

        CLASS   CODE           
                end_init                              0        0        3         0
                cinit                               7E4      7E4       1C         0
                text26                             14DB     14DB       67         0
                text25                              901      901      1DD         0
                text24                             16AE     16AE       A2         0
                text23                             1363     1363       27         0
                text22                               8F       8F      361         0
                text21                              D68      D68      298         0
                text20                             131B     131B       24         0
                text19                               15       15       7A         0
                text18                             138A     138A       27         0
                text17                              845      845       BC         0
                text16                              3F0      3F0      3F4         0
                text15                             12B3     12B3        6         0
                text14                             1301     1301       1A         0
                text13                             12CB     12CB        D         0
                text12                              800      800       45         0
                text11                             133F     133F       24         0
                text10                             12EB     12EB       16         0
                text9                              13F2     13F2       42         0
                text8                              1750     1750       B0         0
                text7                              15AB     15AB       6F         0
                text6                              12C1     12C1        A         0
                text5                              1434     1434       52         0
                text4                              161A     161A       94         0
                text3                              1542     1542       69         0
                text2                              1486     1486       55         0
                text1                              13B1     13B1       41         0
                maintext                            ADE      ADE      28A         0
                clrtext                            12B9     12B9        8         0
                inittext                           12D8     12D8       13         0
                idataBANK3                            5        5       10         0

        CLASS   STRCODE        

        CLASS   STRING         
                strings                            1000     1000       4A         0

        CLASS   CONST          

        CLASS   ENTRY          

        CLASS   COMMON         
                cstackCOMMON                         70       70        D         1
                bssCOMMON                            7D       7D        1         1

        CLASS   BANK0          
                cstackBANK0                          20       20       4E         1

        CLASS   BANK1          
                cstackBANK1                          D8       D8       17         1
                bssBANK1                             A0       A0       38         1

        CLASS   BANK2          

        CLASS   BANK3          
                dataBANK3                           190      190       10         1

        CLASS   RAM            

        CLASS   ABS1           
                abs_s1                               7E       7E        2         1

        CLASS   SFR0           

        CLASS   SFR1           

        CLASS   SFR2           

        CLASS   SFR3           

        CLASS   CONFIG         
                config                             2007     2007        2         4

        CLASS   IDLOC          

        CLASS   EEDATA         



SEGMENTS        Name                           Load    Length   Top    Selector   Space  Class     Delta

                reset_vec                      000000  000003  000003         0       0  CODE        2
                idataBANK3                     000005  000010  000015         A       0  CODE        2
                cstackBANK0                    000020  00004E  00006E        20       1  BANK0       1
                text19                         000015  00007A  00008F        2A       0  CODE        2
                cstackCOMMON                   000070  00000E  00007E        70       1  COMMON      1
                bssBANK1                       0000A0  00004F  0000EF        A0       1  BANK1       1
                text22                         00008F  000361  0003F0       11E       0  CODE        2
                dataBANK3                      000190  000010  0001A0       190       1  BANK3       1
                text16                         0003F0  0003F4  0007E4       7E0       0  CODE        2
                cinit                          0007E4  000061  000845       FC8       0  CODE        2
                text17                         000845  0000BC  000901      108A       0  CODE        2
                text25                         000901  0001DD  000ADE      1202       0  CODE        2
                maintext                       000ADE  00028A  000D68      15BC       0  CODE        2
                text21                         000D68  000298  001000      1AD0       0  CODE        2
                strings                        001000  00004A  00104A      2000       0  STRING      2
                text15                         0012B3  000006  0012B9      2566       0  CODE        2
                clrtext                        0012B9  000008  0012C1      2572       0  CODE        2
                text6                          0012C1  00000A  0012CB      2582       0  CODE        2
                text13                         0012CB  00000D  0012D8      2596       0  CODE        2
                inittext                       0012D8  000013  0012EB      25B0       0  CODE        2
                text10                         0012EB  000016  001301      25D6       0  CODE        2
                text14                         001301  00001A  00131B      2602       0  CODE        2
                text20                         00131B  000024  00133F      2636       0  CODE        2
                text11                         00133F  000024  001363      267E       0  CODE        2
                text23                         001363  000027  00138A      26C6       0  CODE        2
                text18                         00138A  000027  0013B1      2714       0  CODE        2
                text1                          0013B1  000041  0013F2      2762       0  CODE        2
                text9                          0013F2  000042  001434      27E4       0  CODE        2
                text5                          001434  000052  001486      2868       0  CODE        2
                text2                          001486  000055  0014DB      290C       0  CODE        2
                text26                         0014DB  000067  001542      29B6       0  CODE        2
                text3                          001542  000069  0015AB      2A84       0  CODE        2
                text7                          0015AB  00006F  00161A      2B56       0  CODE        2
                text4                          00161A  000094  0016AE      2C34       0  CODE        2
                text24                         0016AE  0000A2  001750      2D5C       0  CODE        2
                text8                          001750  0000B0  001800      2EA0       0  CODE        2


UNUSED ADDRESS RANGES

        Name                Unused          Largest block    Delta
        BANK0            006E-006F              2           1
        BANK1            00EF-00EF              1           1
        BANK2            0110-016F             60           1
        BANK3            01A0-01EF             50           1
        CODE             0003-0004              2           2
                         104A-12B2            269
                         1800-1FFF            800
        CONST            0003-0004              2           2
                         104A-12B2            100
                         1800-1FFF            100
        EEDATA           2100-21FF            100           2
        ENTRY            0003-0004              2           2
                         104A-12B2            100
                         1800-1FFF            100
        IDLOC            2000-2003              4           2
        RAM              006E-006F              2           1
                         00EF-00EF              1
                         0110-016F             60
                         01A0-01EF             50
        SFR0             0000-001F             20           1
        SFR1             0080-009F             20           1
        SFR2             0100-010F             10           1
        SFR3             0180-018F             10           1
        STACK            0110-016F             60           1
        STRCODE          0003-0004              2           2
                         104A-12B2            269
                         1800-1FFF            800
        STRING           0003-0004              2           2
                         104A-12B2            100
                         1800-1FFF            100

                                  Symbol Table

?__Umul8_16                cstackCOMMON 0070
?___awdiv                  cstackCOMMON 0070
?___fladd                  cstackCOMMON 0070
?___fldiv                  cstackBANK0  0032
?___flmul                  cstackBANK0  004C
?___flsub                  cstackBANK0  0032
?___fltol                  cstackCOMMON 0070
?___wmul                   cstackBANK0  0020
?___xxtofl                 cstackBANK0  0024
?_printf                   cstackCOMMON 0071
ADC_convert@a              cstackBANK0  0066
ADC_convert@data           cstackBANK1  00E2
ADC_convert@digits         cstackBANK1  00E3
ADC_convert@i              cstackBANK1  00E0
ADC_convert@j              cstackBANK1  00DA
ADC_convert@mu             cstackBANK1  00E5
ADC_convert@place          cstackBANK0  006A
ADC_convert@temp           cstackBANK1  00D8
ADC_convert@x              cstackBANK1  00DC
Lcd_Cmd@a                  cstackCOMMON 0073
Lcd_Port@a                 cstackCOMMON 0070
Lcd_Set_Cursor@a           cstackCOMMON 0076
Lcd_Set_Cursor@b           cstackCOMMON 0074
Lcd_Set_Cursor@temp        cstackCOMMON 0077
Lcd_Write_Char@a           cstackCOMMON 0072
Lcd_Write_String@a         cstackCOMMON 0073
Lcd_Write_String@i         cstackCOMMON 0078
Select_ch@channel          cstackCOMMON 0072
_ADCON0bits                (abs)        001F
_ADCON1bits                (abs)        009F
_ADC_convert               text16       03F0
_ADRESH                    (abs)        001E
_ANSEL                     (abs)        0188
_ANSELH                    (abs)        0189
_ANSELHbits                (abs)        0189
_ANSELbits                 (abs)        0188
_BAUDCTLbits               (abs)        0187
_INTCONbits                (abs)        000B
_Lcd_Clear                 text13       12CB
_Lcd_Cmd                   text14       1301
_Lcd_Init                  text12       0800
_Lcd_Port                  text15       12B3
_Lcd_Set_Cursor            text11       133F
_Lcd_Write_Char            text10       12EB
_Lcd_Write_String          text9        13F2
_OPTION_REGbits            (abs)        0081
_OSCCONbits                (abs)        008F
_PIE1bits                  (abs)        008C
_PIR1bits                  (abs)        000C
_PORTA                     (abs)        0005
_PORTB                     (abs)        0006
_PORTD                     (abs)        0008
_PORTE                     (abs)        0009
_PORTEbits                 (abs)        0009
_RCREG                     (abs)        001A
_RCSTAbits                 (abs)        0018
_SPBRG                     (abs)        0099
_SPBRGH                    (abs)        009A
_Select_ch                 text8        1750
_TRISA                     (abs)        0085
_TRISB                     (abs)        0086
_TRISD                     (abs)        0088
_TRISE                     (abs)        0089
_TXIF                      (abs)        0064
_TXREG                     (abs)        0019
_TXSTAbits                 (abs)        0098
__Habs1                    abs1         0000
__Hbank0                   bank0        0000
__Hbank1                   bank1        0000
__Hbank2                   bank2        0000
__Hbank3                   bank3        0000
__HbssBANK1                bssBANK1     0000
__HbssCOMMON               bssCOMMON    0000
__Hcinit                   cinit        0800
__Hclrtext                 clrtext      0000
__Hcode                    code         0000
__Hcommon                  common       0000
__Hconfig                  config       2009
__HcstackBANK0             cstackBANK0  0000
__HcstackBANK1             cstackBANK1  0000
__HcstackCOMMON            cstackCOMMON 0000
__HdataBANK3               dataBANK3    0000
__Heeprom_data             eeprom_data  0000
__Hend_init                end_init     0003
__Hfunctab                 functab      0000
__HidataBANK3              idataBANK3   0000
__Hinit                    init         0000
__Hinittext                inittext     0000
__Hintentry                intentry     0000
__Hmaintext                maintext     0000
__Hpowerup                 powerup      0000
__Hram                     ram          0000
__Hreset_vec               reset_vec    0000
__Hsfr0                    sfr0         0000
__Hsfr1                    sfr1         0000
__Hsfr2                    sfr2         0000
__Hsfr3                    sfr3         0000
__Hspace_0                 (abs)        1800
__Hspace_1                 (abs)        01A0
__Hspace_2                 (abs)        0000
__Hspace_3                 (abs)        0000
__Hspace_4                 (abs)        4010
__Hstack                   stack        0000
__Hstrings                 strings      0000
__Htext                    text         0000
__Labs1                    abs1         0000
__Lbank0                   bank0        0000
__Lbank1                   bank1        0000
__Lbank2                   bank2        0000
__Lbank3                   bank3        0000
__LbssBANK1                bssBANK1     0000
__LbssCOMMON               bssCOMMON    0000
__Lcinit                   cinit        07E4
__Lclrtext                 clrtext      0000
__Lcode                    code         0000
__Lcommon                  common       0000
__Lconfig                  config       0000
__LcstackBANK0             cstackBANK0  0000
__LcstackBANK1             cstackBANK1  0000
__LcstackCOMMON            cstackCOMMON 0000
__LdataBANK3               dataBANK3    0000
__Leeprom_data             eeprom_data  0000
__Lend_init                end_init     0000
__Lfunctab                 functab      0000
__LidataBANK3              idataBANK3   0000
__Linit                    init         0000
__Linittext                inittext     0000
__Lintentry                intentry     0000
__Lmaintext                maintext     0000
__Lpowerup                 powerup      0000
__Lram                     ram          0000
__Lreset_vec               reset_vec    0000
__Lsfr0                    sfr0         0000
__Lsfr1                    sfr1         0000
__Lsfr2                    sfr2         0000
__Lsfr3                    sfr3         0000
__Lspace_0                 (abs)        0000
__Lspace_1                 (abs)        0000
__Lspace_2                 (abs)        0000
__Lspace_3                 (abs)        0000
__Lspace_4                 (abs)        0000
__Lstack                   stack        0000
__Lstrings                 strings      0000
__Ltext                    text         0000
__S0                       (abs)        1800
__S1                       (abs)        01A0
__S2                       (abs)        0000
__S3                       (abs)        0000
__Umul8_16                 text23       1363
__Umul8_16@multiplicand    cstackCOMMON 0070
__Umul8_16@multiplier      cstackCOMMON 0078
__Umul8_16@product         cstackCOMMON 0074
__Umul8_16@word_mpld       cstackCOMMON 0076
___awdiv                   text26       14DB
___awdiv@counter           cstackCOMMON 0075
___awdiv@dividend          cstackCOMMON 0072
___awdiv@divisor           cstackCOMMON 0070
___awdiv@quotient          cstackCOMMON 0077
___awdiv@sign              cstackCOMMON 0076
___fladd                   text21       0D68
___fladd@a                 cstackCOMMON 0074
___fladd@aexp              cstackCOMMON 0079
___fladd@b                 cstackCOMMON 0070
___fladd@bexp              cstackCOMMON 007A
___fladd@grs               cstackCOMMON 007B
___fladd@signs             cstackCOMMON 0078
___fldiv                   text25       0901
___fldiv@a                 cstackBANK0  0032
___fldiv@aexp              cstackBANK0  004B
___fldiv@b                 cstackBANK0  0036
___fldiv@bexp              cstackBANK0  004A
___fldiv@grs               cstackBANK0  0046
___fldiv@new_exp           cstackBANK0  0044
___fldiv@rem               cstackBANK0  003F
___fldiv@sign              cstackBANK0  0043
___flge                    text24       16AE
___flge@ff1                cstackCOMMON 0070
___flge@ff2                cstackCOMMON 0074
___flmul                   text22       008F
___flmul@a                 cstackBANK0  0050
___flmul@aexp              cstackBANK0  005E
___flmul@b                 cstackBANK0  004C
___flmul@bexp              cstackBANK0  005F
___flmul@grs               cstackBANK0  005A
___flmul@prod              cstackBANK0  0060
___flmul@sign              cstackBANK0  0059
___flmul@temp              cstackBANK0  0064
___flsub                   text20       131B
___flsub@a                 cstackBANK0  0032
___flsub@b                 cstackBANK0  0036
___fltol                   text19       0015
___fltol@exp1              cstackCOMMON 007A
___fltol@f1                cstackCOMMON 0070
___fltol@sign1             cstackCOMMON 0079
___int_sp                  stack        0000
___latbits                 (abs)        0002
___sp                      stack        0000
___stackhi                 (abs)        0000
___stacklo                 (abs)        0000
___wmul                    text18       138A
___wmul@multiplicand       cstackBANK0  0022
___wmul@multiplier         cstackBANK0  0020
___wmul@product            cstackCOMMON 007B
___xxtofl                  text17       0845
___xxtofl@arg              cstackBANK0  002E
___xxtofl@exp              cstackBANK0  002D
___xxtofl@sign             cstackBANK0  002C
___xxtofl@val              cstackBANK0  0024
__end_of_ADC_convert       text16       07E4
__end_of_Lcd_Clear         text13       12D8
__end_of_Lcd_Cmd           text14       131B
__end_of_Lcd_Init          text12       0845
__end_of_Lcd_Port          text15       12B9
__end_of_Lcd_Set_Cursor    text11       1363
__end_of_Lcd_Write_Char    text10       1301
__end_of_Lcd_Write_String  text9        1434
__end_of_Select_ch         text8        1800
__end_of__Umul8_16         text23       138A
__end_of___awdiv           text26       1542
__end_of___fladd           text21       1000
__end_of___fldiv           text25       0ADE
__end_of___flge            text24       1750
__end_of___flmul           text22       03F0
__end_of___flsub           text20       133F
__end_of___fltol           text19       008F
__end_of___wmul            text18       13B1
__end_of___xxtofl          text17       0901
__end_of__initialization   cinit        07FC
__end_of__stringtab        strings      1010
__end_of_canal_ADC         text7        161A
__end_of_conf_ADC          text3        15AB
__end_of_conf_osc          text2        14DB
__end_of_main              maintext     0D68
__end_of_mensaje           text4        16AE
__end_of_printf            text5        1486
__end_of_putch             text6        12CB
__end_of_setup             text1        13F2
__initialization           cinit        07E4
__pbssBANK1                bssBANK1     00A0
__pbssCOMMON               bssCOMMON    007D
__pcstackBANK0             cstackBANK0  0020
__pcstackBANK1             cstackBANK1  00D8
__pcstackCOMMON            cstackCOMMON 0070
__pdataBANK3               dataBANK3    0190
__pidataBANK3              idataBANK3   0005
__pmaintext                maintext     0ADE
__pstrings                 strings      1000
__ptext1                   text1        13B1
__ptext10                  text10       12EB
__ptext11                  text11       133F
__ptext12                  text12       0800
__ptext13                  text13       12CB
__ptext14                  text14       1301
__ptext15                  text15       12B3
__ptext16                  text16       03F0
__ptext17                  text17       0845
__ptext18                  text18       138A
__ptext19                  text19       0015
__ptext2                   text2        1486
__ptext20                  text20       131B
__ptext21                  text21       0D68
__ptext22                  text22       008F
__ptext23                  text23       1363
__ptext24                  text24       16AE
__ptext25                  text25       0901
__ptext26                  text26       14DB
__ptext3                   text3        1542
__ptext4                   text4        161A
__ptext5                   text5        1434
__ptext6                   text6        12C1
__ptext7                   text7        15AB
__ptext8                   text8        1750
__ptext9                   text9        13F2
__size_of_ADC_convert      (abs)        0000
__size_of_Lcd_Clear        (abs)        0000
__size_of_Lcd_Cmd          (abs)        0000
__size_of_Lcd_Init         (abs)        0000
__size_of_Lcd_Port         (abs)        0000
__size_of_Lcd_Set_Cursor   (abs)        0000
__size_of_Lcd_Write_Char   (abs)        0000
__size_of_Lcd_Write_String (abs)        0000
__size_of_Select_ch        (abs)        0000
__size_of__Umul8_16        (abs)        0000
__size_of___awdiv          (abs)        0000
__size_of___fladd          (abs)        0000
__size_of___fldiv          (abs)        0000
__size_of___flge           (abs)        0000
__size_of___flmul          (abs)        0000
__size_of___flsub          (abs)        0000
__size_of___fltol          (abs)        0000
__size_of___wmul           (abs)        0000
__size_of___xxtofl         (abs)        0000
__size_of_canal_ADC        (abs)        0000
__size_of_conf_ADC         (abs)        0000
__size_of_conf_osc         (abs)        0000
__size_of_main             (abs)        0000
__size_of_mensaje          (abs)        0000
__size_of_printf           (abs)        0000
__size_of_putch            (abs)        0000
__size_of_setup            (abs)        0000
__stringbase               strings      100F
__stringtab                strings      1000
_adc0                      bssBANK1     00CE
_adc1                      bssBANK1     00C4
_canal_ADC                 text7        15AB
_canal_flag                bssBANK1     00B9
_conf_ADC                  text3        1542
_conf_osc                  text2        1486
_cont                      bssBANK1     00BA
_contador                  bssBANK1     00B6
_conv0                     bssBANK1     00AE
_conv1                     bssBANK1     00AA
_main                      maintext     0ADE
_main$1240                 cstackBANK1  00EB
_mensaje                   text4        161A
_printf                    text5        1434
_putch                     text6        12C1
_setup                     text1        13B1
_var_adc0                  bssBANK1     00B8
_var_adc1                  bssBANK1     00B7
btemp                      (abs)        007E
canal_ADC@channel          cstackCOMMON 0072
clear_ram0                 clrtext      12B9
conf_ADC@Vref              cstackCOMMON 0071
conf_ADC@adcFrec           cstackCOMMON 0075
conf_ADC@isr               cstackCOMMON 0070
conf_ADC@justRL            cstackCOMMON 0072
conf_osc@frec              cstackCOMMON 0072
end_of_initialization      cinit        07FC
init_fetch0                inittext     12D8
init_ram0                  inittext     12DC
intlevel0                  functab      0000
intlevel1                  functab      0000
intlevel2                  functab      0000
intlevel3                  functab      0000
intlevel4                  functab      0000
intlevel5                  functab      0000
printf@ap                  cstackCOMMON 0077
printf@c                   cstackCOMMON 0079
printf@f                   cstackCOMMON 0071
putch@dato                 cstackCOMMON 0070
reset_vec                  reset_vec    0000
start                      init         0000
start_initialization       cinit        07E4
wtemp0                     (abs)        007E


FUNCTION INFORMATION:

 *************** function _main *****************
 Defined at:
		line 55 in file "Lab02.c"
 Parameters:    Size  Location     Type
		None
 Auto vars:     Size  Location     Type
		None
 Return value:  Size  Location     Type
                  1    wreg      void 
 Registers used:
		wreg, fsr0l, fsr0h, status,2, status,0, btemp+1, pclath, cstack
 Tracked objects:
		On entry : 
		On exit  : 
		Unchanged: 
 Data sizes:     COMMON   BANK0   BANK1   BANK3   BANK2
      Params:         0       0       0       0       0
      Locals:         0       0       4       0       0
      Temps:          0       0       4       0       0
      Totals:         0       0       8       0       0
Total ram usage:        8 bytes
 Hardware stack levels required when called:    3
 This function calls:
		_ADC_convert
		_Lcd_Clear
		_Lcd_Init
		_Lcd_Set_Cursor
		_Lcd_Write_String
		_Select_ch
		___fldiv
		___flmul
		___xxtofl
		_canal_ADC
		_mensaje
		_setup
 This function is called by:
		Startup code after reset
 This function uses a non-reentrant model


 *************** function _setup *****************
 Defined at:
		line 151 in file "Lab02.c"
 Parameters:    Size  Location     Type
		None
 Auto vars:     Size  Location     Type
		None
 Return value:  Size  Location     Type
                  1    wreg      void 
 Registers used:
		wreg, fsr0l, fsr0h, status,2, status,0, pclath, cstack
 Tracked objects:
		On entry : 
		On exit  : 
		Unchanged: 
 Data sizes:     COMMON   BANK0   BANK1   BANK3   BANK2
      Params:         0       0       0       0       0
      Locals:         0       0       0       0       0
      Temps:          1       0       0       0       0
      Totals:         1       0       0       0       0
Total ram usage:        1 bytes
 Hardware stack levels used:    1
 Hardware stack levels required when called:    1
 This function calls:
		_conf_ADC
		_conf_osc
 This function is called by:
		_main
 This function uses a non-reentrant model


 *************** function _conf_osc *****************
 Defined at:
		line 23 in file "configuraciones_pic.c"
 Parameters:    Size  Location     Type
  frec            1    wreg     unsigned char 
 Auto vars:     Size  Location     Type
  frec            1    2[COMMON] unsigned char 
 Return value:  Size  Location     Type
                  1    wreg      void 
 Registers used:
		wreg, fsr0l, fsr0h, status,2, status,0
 Tracked objects:
		On entry : 
		On exit  : 
		Unchanged: 
 Data sizes:     COMMON   BANK0   BANK1   BANK3   BANK2
      Params:         0       0       0       0       0
      Locals:         1       0       0       0       0
      Temps:          2       0       0       0       0
      Totals:         3       0       0       0       0
Total ram usage:        3 bytes
 Hardware stack levels used:    1
 This function calls:
		Nothing
 This function is called by:
		_setup
 This function uses a non-reentrant model


 *************** function _conf_ADC *****************
 Defined at:
		line 90 in file "configuraciones_pic.c"
 Parameters:    Size  Location     Type
  adcFrec         1    wreg     unsigned char 
  isr             1    0[COMMON] unsigned char 
  Vref            1    1[COMMON] unsigned char 
  justRL          1    2[COMMON] unsigned char 
 Auto vars:     Size  Location     Type
  adcFrec         1    5[COMMON] unsigned char 
 Return value:  Size  Location     Type
                  1    wreg      void 
 Registers used:
		wreg, fsr0l, fsr0h, status,2, status,0
 Tracked objects:
		On entry : 
		On exit  : 
		Unchanged: 
 Data sizes:     COMMON   BANK0   BANK1   BANK3   BANK2
      Params:         3       0       0       0       0
      Locals:         1       0       0       0       0
      Temps:          2       0       0       0       0
      Totals:         6       0       0       0       0
Total ram usage:        6 bytes
 Hardware stack levels used:    1
 This function calls:
		Nothing
 This function is called by:
		_setup
 This function uses a non-reentrant model


 *************** function _mensaje *****************
 Defined at:
		line 115 in file "Lab02.c"
 Parameters:    Size  Location     Type
		None
 Auto vars:     Size  Location     Type
		None
 Return value:  Size  Location     Type
                  1    wreg      void 
 Registers used:
		wreg, fsr0l, fsr0h, status,2, status,0, btemp+1, pclath, cstack
 Tracked objects:
		On entry : 
		On exit  : 
		Unchanged: 
 Data sizes:     COMMON   BANK0   BANK1   BANK3   BANK2
      Params:         0       0       0       0       0
      Locals:         0       0       0       0       0
      Temps:          2       0       0       0       0
      Totals:         2       0       0       0       0
Total ram usage:        2 bytes
 Hardware stack levels used:    1
 Hardware stack levels required when called:    2
 This function calls:
		_printf
 This function is called by:
		_main
 This function uses a non-reentrant model


 *************** function _printf *****************
 Defined at:
		line 477 in file "C:\Program Files\Microchip\xc8\v2.31\pic\sources\c90\common\doprnt.c"
 Parameters:    Size  Location     Type
  f               2    1[COMMON] PTR const unsigned char 
		 -> STR_8(14), STR_7(15), STR_6(15), cont(10), 
		 -> adc1(10), adc0(10), 
 Auto vars:     Size  Location     Type
  tmpval          4    0        struct .
  cp              2    0        PTR const unsigned char 
  len             2    0        unsigned int 
  val             2    0        unsigned int 
  c               1    9[COMMON] unsigned char 
  flag            1    0        unsigned char 
  ap              1    7[COMMON] PTR void [1]
		 -> ?_printf(2), 
  prec            1    0        char 
 Return value:  Size  Location     Type
                  2    1[COMMON] int 
 Registers used:
		wreg, fsr0l, fsr0h, status,2, status,0, btemp+1, pclath, cstack
 Tracked objects:
		On entry : 
		On exit  : 
		Unchanged: 
 Data sizes:     COMMON   BANK0   BANK1   BANK3   BANK2
      Params:         2       0       0       0       0
      Locals:         3       0       0       0       0
      Temps:          4       0       0       0       0
      Totals:         9       0       0       0       0
Total ram usage:        9 bytes
 Hardware stack levels used:    1
 Hardware stack levels required when called:    1
 This function calls:
		_putch
 This function is called by:
		_mensaje
 This function uses a non-reentrant model


 *************** function _putch *****************
 Defined at:
		line 145 in file "Lab02.c"
 Parameters:    Size  Location     Type
  dato            1    wreg     unsigned char 
 Auto vars:     Size  Location     Type
  dato            1    0[COMMON] unsigned char 
 Return value:  Size  Location     Type
                  1    wreg      void 
 Registers used:
		wreg
 Tracked objects:
		On entry : 
		On exit  : 
		Unchanged: 
 Data sizes:     COMMON   BANK0   BANK1   BANK3   BANK2
      Params:         0       0       0       0       0
      Locals:         1       0       0       0       0
      Temps:          0       0       0       0       0
      Totals:         1       0       0       0       0
Total ram usage:        1 bytes
 Hardware stack levels used:    1
 This function calls:
		Nothing
 This function is called by:
		_printf
 This function uses a non-reentrant model


 *************** function _canal_ADC *****************
 Defined at:
		line 201 in file "configuraciones_pic.c"
 Parameters:    Size  Location     Type
  channel         1    wreg     unsigned char 
 Auto vars:     Size  Location     Type
  channel         1    2[COMMON] unsigned char 
 Return value:  Size  Location     Type
                  1    wreg      void 
 Registers used:
		wreg, fsr0l, fsr0h, status,2, status,0
 Tracked objects:
		On entry : 
		On exit  : 
		Unchanged: 
 Data sizes:     COMMON   BANK0   BANK1   BANK3   BANK2
      Params:         0       0       0       0       0
      Locals:         1       0       0       0       0
      Temps:          2       0       0       0       0
      Totals:         3       0       0       0       0
Total ram usage:        3 bytes
 Hardware stack levels used:    1
 This function calls:
		Nothing
 This function is called by:
		_main
 This function uses a non-reentrant model


 *************** function _Select_ch *****************
 Defined at:
		line 249 in file "configuraciones_pic.c"
 Parameters:    Size  Location     Type
  channel         1    wreg     unsigned char 
 Auto vars:     Size  Location     Type
  channel         1    2[COMMON] unsigned char 
 Return value:  Size  Location     Type
                  1    wreg      void 
 Registers used:
		wreg, fsr0l, fsr0h, status,2, status,0
 Tracked objects:
		On entry : 
		On exit  : 
		Unchanged: 
 Data sizes:     COMMON   BANK0   BANK1   BANK3   BANK2
      Params:         0       0       0       0       0
      Locals:         1       0       0       0       0
      Temps:          2       0       0       0       0
      Totals:         3       0       0       0       0
Total ram usage:        3 bytes
 Hardware stack levels used:    1
 This function calls:
		Nothing
 This function is called by:
		_main
 This function uses a non-reentrant model


 *************** function _Lcd_Write_String *****************
 Defined at:
		line 63 in file "LCD.c"
 Parameters:    Size  Location     Type
  a               2    3[COMMON] PTR unsigned char 
		 -> cont(10), STR_5(2), adc1(10), STR_4(2), 
		 -> adc0(10), STR_3(4), STR_2(4), STR_1(4), 
 Auto vars:     Size  Location     Type
  i               2    8[COMMON] int 
 Return value:  Size  Location     Type
                  1    wreg      void 
 Registers used:
		wreg, fsr0l, fsr0h, status,2, status,0, btemp+1, pclath, cstack
 Tracked objects:
		On entry : 
		On exit  : 
		Unchanged: 
 Data sizes:     COMMON   BANK0   BANK1   BANK3   BANK2
      Params:         2       0       0       0       0
      Locals:         2       0       0       0       0
      Temps:          3       0       0       0       0
      Totals:         7       0       0       0       0
Total ram usage:        7 bytes
 Hardware stack levels used:    1
 Hardware stack levels required when called:    2
 This function calls:
		_Lcd_Write_Char
 This function is called by:
		_main
 This function uses a non-reentrant model


 *************** function _Lcd_Write_Char *****************
 Defined at:
		line 55 in file "LCD.c"
 Parameters:    Size  Location     Type
  a               1    wreg     unsigned char 
 Auto vars:     Size  Location     Type
  a               1    2[COMMON] unsigned char 
 Return value:  Size  Location     Type
                  1    wreg      void 
 Registers used:
		wreg, status,2, status,0, pclath, cstack
 Tracked objects:
		On entry : 
		On exit  : 
		Unchanged: 
 Data sizes:     COMMON   BANK0   BANK1   BANK3   BANK2
      Params:         0       0       0       0       0
      Locals:         1       0       0       0       0
      Temps:          1       0       0       0       0
      Totals:         2       0       0       0       0
Total ram usage:        2 bytes
 Hardware stack levels used:    1
 Hardware stack levels required when called:    1
 This function calls:
		_Lcd_Port
 This function is called by:
		_Lcd_Write_String
 This function uses a non-reentrant model


 *************** function _Lcd_Set_Cursor *****************
 Defined at:
		line 30 in file "LCD.c"
 Parameters:    Size  Location     Type
  a               1    wreg     unsigned char 
  b               1    4[COMMON] unsigned char 
 Auto vars:     Size  Location     Type
  a               1    6[COMMON] unsigned char 
  temp            1    7[COMMON] unsigned char 
 Return value:  Size  Location     Type
                  1    wreg      void 
 Registers used:
		wreg, status,2, status,0, pclath, cstack
 Tracked objects:
		On entry : 
		On exit  : 
		Unchanged: 
 Data sizes:     COMMON   BANK0   BANK1   BANK3   BANK2
      Params:         1       0       0       0       0
      Locals:         2       0       0       0       0
      Temps:          1       0       0       0       0
      Totals:         4       0       0       0       0
Total ram usage:        4 bytes
 Hardware stack levels used:    1
 Hardware stack levels required when called:    2
 This function calls:
		_Lcd_Cmd
 This function is called by:
		_main
 This function uses a non-reentrant model


 *************** function _Lcd_Init *****************
 Defined at:
		line 41 in file "LCD.c"
 Parameters:    Size  Location     Type
		None
 Auto vars:     Size  Location     Type
		None
 Return value:  Size  Location     Type
                  1    wreg      void 
 Registers used:
		wreg, status,2, status,0, pclath, cstack
 Tracked objects:
		On entry : 
		On exit  : 
		Unchanged: 
 Data sizes:     COMMON   BANK0   BANK1   BANK3   BANK2
      Params:         0       0       0       0       0
      Locals:         0       0       0       0       0
      Temps:          2       0       0       0       0
      Totals:         2       0       0       0       0
Total ram usage:        2 bytes
 Hardware stack levels used:    1
 Hardware stack levels required when called:    2
 This function calls:
		_Lcd_Cmd
		_Lcd_Port
 This function is called by:
		_main
 This function uses a non-reentrant model


 *************** function _Lcd_Clear *****************
 Defined at:
		line 25 in file "LCD.c"
 Parameters:    Size  Location     Type
		None
 Auto vars:     Size  Location     Type
		None
 Return value:  Size  Location     Type
                  1    wreg      void 
 Registers used:
		wreg, status,2, status,0, pclath, cstack
 Tracked objects:
		On entry : 
		On exit  : 
		Unchanged: 
 Data sizes:     COMMON   BANK0   BANK1   BANK3   BANK2
      Params:         0       0       0       0       0
      Locals:         0       0       0       0       0
      Temps:          0       0       0       0       0
      Totals:         0       0       0       0       0
Total ram usage:        0 bytes
 Hardware stack levels used:    1
 Hardware stack levels required when called:    2
 This function calls:
		_Lcd_Cmd
 This function is called by:
		_main
 This function uses a non-reentrant model


 *************** function _Lcd_Cmd *****************
 Defined at:
		line 17 in file "LCD.c"
 Parameters:    Size  Location     Type
  a               1    wreg     unsigned char 
 Auto vars:     Size  Location     Type
  a               1    3[COMMON] unsigned char 
 Return value:  Size  Location     Type
                  1    wreg      void 
 Registers used:
		wreg, status,2, status,0, pclath, cstack
 Tracked objects:
		On entry : 
		On exit  : 
		Unchanged: 
 Data sizes:     COMMON   BANK0   BANK1   BANK3   BANK2
      Params:         0       0       0       0       0
      Locals:         1       0       0       0       0
      Temps:          2       0       0       0       0
      Totals:         3       0       0       0       0
Total ram usage:        3 bytes
 Hardware stack levels used:    1
 Hardware stack levels required when called:    1
 This function calls:
		_Lcd_Port
 This function is called by:
		_Lcd_Clear
		_Lcd_Set_Cursor
		_Lcd_Init
		_Lcd_Shift_Right
		_Lcd_Shift_Left
 This function uses a non-reentrant model


 *************** function _Lcd_Port *****************
 Defined at:
		line 13 in file "LCD.c"
 Parameters:    Size  Location     Type
  a               1    wreg     unsigned char 
 Auto vars:     Size  Location     Type
  a               1    0[COMMON] unsigned char 
 Return value:  Size  Location     Type
                  1    wreg      void 
 Registers used:
		wreg
 Tracked objects:
		On entry : 
		On exit  : 
		Unchanged: 
 Data sizes:     COMMON   BANK0   BANK1   BANK3   BANK2
      Params:         0       0       0       0       0
      Locals:         1       0       0       0       0
      Temps:          0       0       0       0       0
      Totals:         1       0       0       0       0
Total ram usage:        1 bytes
 Hardware stack levels used:    1
 This function calls:
		Nothing
 This function is called by:
		_Lcd_Cmd
		_Lcd_Init
		_Lcd_Write_Char
 This function uses a non-reentrant model


 *************** function _ADC_convert *****************
 Defined at:
		line 140 in file "configuraciones_pic.c"
 Parameters:    Size  Location     Type
  data            1    wreg     PTR unsigned char 
		 -> cont(10), adc1(10), adc0(10), 
  a               4   70[BANK0 ] float 
  place           2   74[BANK0 ] int 
 Auto vars:     Size  Location     Type
  data            1   10[BANK1 ] PTR unsigned char 
		 -> cont(10), adc1(10), adc0(10), 
  x               4    4[BANK1 ] float 
  mu              2   13[BANK1 ] int 
  digits          2   11[BANK1 ] int 
  i               2    8[BANK1 ] int 
  j               2    2[BANK1 ] int 
  temp            2    0[BANK1 ] int 
 Return value:  Size  Location     Type
                  1    wreg      void 
 Registers used:
		wreg, fsr0l, fsr0h, status,2, status,0, btemp+1, pclath, cstack
 Tracked objects:
		On entry : 
		On exit  : 
		Unchanged: 
 Data sizes:     COMMON   BANK0   BANK1   BANK3   BANK2
      Params:         0       6       0       0       0
      Locals:         0       0      15       0       0
      Temps:          0       2       0       0       0
      Totals:         0       8      15       0       0
Total ram usage:       23 bytes
 Hardware stack levels used:    1
 Hardware stack levels required when called:    2
 This function calls:
		___awdiv
		___fldiv
		___flge
		___flmul
		___flsub
		___fltol
		___wmul
		___xxtofl
 This function is called by:
		_main
 This function uses a non-reentrant model


 *************** function ___xxtofl *****************
 Defined at:
		line 10 in file "C:\Program Files\Microchip\xc8\v2.31\pic\sources\c90\common\xxtofl.c"
 Parameters:    Size  Location     Type
  sign            1    wreg     unsigned char 
  val             4    4[BANK0 ] long 
 Auto vars:     Size  Location     Type
  sign            1   12[BANK0 ] unsigned char 
  arg             4   14[BANK0 ] unsigned long 
  exp             1   13[BANK0 ] unsigned char 
 Return value:  Size  Location     Type
                  4    4[BANK0 ] unsigned char 
 Registers used:
		wreg, status,2, status,0
 Tracked objects:
		On entry : 
		On exit  : 
		Unchanged: 
 Data sizes:     COMMON   BANK0   BANK1   BANK3   BANK2
      Params:         0       4       0       0       0
      Locals:         0       6       0       0       0
      Temps:          0       4       0       0       0
      Totals:         0      14       0       0       0
Total ram usage:       14 bytes
 Hardware stack levels used:    1
 This function calls:
		Nothing
 This function is called by:
		_ADC_convert
		_main
 This function uses a non-reentrant model


 *************** function ___wmul *****************
 Defined at:
		line 15 in file "C:\Program Files\Microchip\xc8\v2.31\pic\sources\c90\common\Umul16.c"
 Parameters:    Size  Location     Type
  multiplier      2    0[BANK0 ] unsigned int 
  multiplicand    2    2[BANK0 ] unsigned int 
 Auto vars:     Size  Location     Type
  product         2   11[COMMON] unsigned int 
 Return value:  Size  Location     Type
                  2    0[BANK0 ] unsigned int 
 Registers used:
		wreg, status,2, status,0
 Tracked objects:
		On entry : 
		On exit  : 
		Unchanged: 
 Data sizes:     COMMON   BANK0   BANK1   BANK3   BANK2
      Params:         0       4       0       0       0
      Locals:         2       0       0       0       0
      Temps:          0       0       0       0       0
      Totals:         2       4       0       0       0
Total ram usage:        6 bytes
 Hardware stack levels used:    1
 This function calls:
		Nothing
 This function is called by:
		_ADC_convert
 This function uses a non-reentrant model


 *************** function ___fltol *****************
 Defined at:
		line 43 in file "C:\Program Files\Microchip\xc8\v2.31\pic\sources\c90\common\fltol.c"
 Parameters:    Size  Location     Type
  f1              4    0[COMMON] unsigned int 
 Auto vars:     Size  Location     Type
  exp1            1   10[COMMON] unsigned char 
  sign1           1    9[COMMON] unsigned char 
 Return value:  Size  Location     Type
                  4    0[COMMON] long 
 Registers used:
		wreg, status,2, status,0
 Tracked objects:
		On entry : 
		On exit  : 
		Unchanged: 
 Data sizes:     COMMON   BANK0   BANK1   BANK3   BANK2
      Params:         4       0       0       0       0
      Locals:         2       0       0       0       0
      Temps:          5       0       0       0       0
      Totals:        11       0       0       0       0
Total ram usage:       11 bytes
 Hardware stack levels used:    1
 This function calls:
		Nothing
 This function is called by:
		_ADC_convert
 This function uses a non-reentrant model


 *************** function ___flsub *****************
 Defined at:
		line 242 in file "C:\Program Files\Microchip\xc8\v2.31\pic\sources\c90\common\sprcadd.c"
 Parameters:    Size  Location     Type
  a               4   18[BANK0 ] long 
  b               4   22[BANK0 ] long 
 Auto vars:     Size  Location     Type
		None
 Return value:  Size  Location     Type
                  4   18[BANK0 ] long 
 Registers used:
		wreg, status,2, status,0, btemp+1, pclath, cstack
 Tracked objects:
		On entry : 
		On exit  : 
		Unchanged: 
 Data sizes:     COMMON   BANK0   BANK1   BANK3   BANK2
      Params:         0       8       0       0       0
      Locals:         0       0       0       0       0
      Temps:          0       0       0       0       0
      Totals:         0       8       0       0       0
Total ram usage:        8 bytes
 Hardware stack levels used:    1
 Hardware stack levels required when called:    1
 This function calls:
		___fladd
 This function is called by:
		_ADC_convert
 This function uses a non-reentrant model


 *************** function ___fladd *****************
 Defined at:
		line 10 in file "C:\Program Files\Microchip\xc8\v2.31\pic\sources\c90\common\sprcadd.c"
 Parameters:    Size  Location     Type
  b               4    0[COMMON] long 
  a               4    4[COMMON] long 
 Auto vars:     Size  Location     Type
  grs             1   11[COMMON] unsigned char 
  bexp            1   10[COMMON] unsigned char 
  aexp            1    9[COMMON] unsigned char 
  signs           1    8[COMMON] unsigned char 
 Return value:  Size  Location     Type
                  4    0[COMMON] unsigned char 
 Registers used:
		wreg, status,2, status,0, btemp+1
 Tracked objects:
		On entry : 
		On exit  : 
		Unchanged: 
 Data sizes:     COMMON   BANK0   BANK1   BANK3   BANK2
      Params:         8       0       0       0       0
      Locals:         4       0       0       0       0
      Temps:          0       8       0       0       0
      Totals:        12       8       0       0       0
Total ram usage:       20 bytes
 Hardware stack levels used:    1
 This function calls:
		Nothing
 This function is called by:
		___flsub
 This function uses a non-reentrant model


 *************** function ___flmul *****************
 Defined at:
		line 8 in file "C:\Program Files\Microchip\xc8\v2.31\pic\sources\c90\common\sprcmul.c"
 Parameters:    Size  Location     Type
  b               4   44[BANK0 ] unsigned char 
  a               4   48[BANK0 ] unsigned char 
 Auto vars:     Size  Location     Type
  prod            4   64[BANK0 ] struct .
  grs             4   58[BANK0 ] unsigned long 
  temp            2   68[BANK0 ] struct .
  bexp            1   63[BANK0 ] unsigned char 
  aexp            1   62[BANK0 ] unsigned char 
  sign            1   57[BANK0 ] unsigned char 
 Return value:  Size  Location     Type
                  4   44[BANK0 ] unsigned char 
 Registers used:
		wreg, status,2, status,0, btemp+1, pclath, cstack
 Tracked objects:
		On entry : 
		On exit  : 
		Unchanged: 
 Data sizes:     COMMON   BANK0   BANK1   BANK3   BANK2
      Params:         0       8       0       0       0
      Locals:         0      13       0       0       0
      Temps:          0       5       0       0       0
      Totals:         0      26       0       0       0
Total ram usage:       26 bytes
 Hardware stack levels used:    1
 Hardware stack levels required when called:    1
 This function calls:
		__Umul8_16
 This function is called by:
		_ADC_convert
		_main
 This function uses a non-reentrant model


 *************** function __Umul8_16 *****************
 Defined at:
		line 4 in file "C:\Program Files\Microchip\xc8\v2.31\pic\sources\c90\common\Umul8_16.c"
 Parameters:    Size  Location     Type
  multiplier      1    wreg     unsigned char 
  multiplicand    1    0[COMMON] unsigned char 
 Auto vars:     Size  Location     Type
  multiplier      1    8[COMMON] unsigned char 
  word_mpld       2    6[COMMON] unsigned int 
  product         2    4[COMMON] unsigned int 
 Return value:  Size  Location     Type
                  2    0[COMMON] unsigned int 
 Registers used:
		wreg, status,2, status,0
 Tracked objects:
		On entry : 
		On exit  : 
		Unchanged: 
 Data sizes:     COMMON   BANK0   BANK1   BANK3   BANK2
      Params:         2       0       0       0       0
      Locals:         5       0       0       0       0
      Temps:          2       0       0       0       0
      Totals:         9       0       0       0       0
Total ram usage:        9 bytes
 Hardware stack levels used:    1
 This function calls:
		Nothing
 This function is called by:
		___flmul
 This function uses a non-reentrant model


 *************** function ___flge *****************
 Defined at:
		line 4 in file "C:\Program Files\Microchip\xc8\v2.31\pic\sources\c90\common\flge.c"
 Parameters:    Size  Location     Type
  ff1             4    0[COMMON] unsigned int 
  ff2             4    4[COMMON] unsigned int 
 Auto vars:     Size  Location     Type
		None
 Return value:  Size  Location     Type
		None               void
 Registers used:
		wreg, status,2, status,0
 Tracked objects:
		On entry : 
		On exit  : 
		Unchanged: 
 Data sizes:     COMMON   BANK0   BANK1   BANK3   BANK2
      Params:         8       0       0       0       0
      Locals:         0       0       0       0       0
      Temps:          4       0       0       0       0
      Totals:        12       0       0       0       0
Total ram usage:       12 bytes
 Hardware stack levels used:    1
 This function calls:
		Nothing
 This function is called by:
		_ADC_convert
 This function uses a non-reentrant model


 *************** function ___fldiv *****************
 Defined at:
		line 8 in file "C:\Program Files\Microchip\xc8\v2.31\pic\sources\c90\common\sprcdiv.c"
 Parameters:    Size  Location     Type
  a               4   18[BANK0 ] unsigned int 
  b               4   22[BANK0 ] unsigned int 
 Auto vars:     Size  Location     Type
  grs             4   38[BANK0 ] unsigned long 
  rem             4   31[BANK0 ] unsigned long 
  new_exp         2   36[BANK0 ] int 
  aexp            1   43[BANK0 ] unsigned char 
  bexp            1   42[BANK0 ] unsigned char 
  sign            1   35[BANK0 ] unsigned char 
 Return value:  Size  Location     Type
                  4   18[BANK0 ] unsigned char 
 Registers used:
		wreg, status,2, status,0, btemp+1
 Tracked objects:
		On entry : 
		On exit  : 
		Unchanged: 
 Data sizes:     COMMON   BANK0   BANK1   BANK3   BANK2
      Params:         0       8       0       0       0
      Locals:         0      13       0       0       0
      Temps:          0       5       0       0       0
      Totals:         0      26       0       0       0
Total ram usage:       26 bytes
 Hardware stack levels used:    1
 This function calls:
		Nothing
 This function is called by:
		_ADC_convert
		_main
 This function uses a non-reentrant model


 *************** function ___awdiv *****************
 Defined at:
		line 5 in file "C:\Program Files\Microchip\xc8\v2.31\pic\sources\c90\common\awdiv.c"
 Parameters:    Size  Location     Type
  divisor         2    0[COMMON] int 
  dividend        2    2[COMMON] int 
 Auto vars:     Size  Location     Type
  quotient        2    7[COMMON] int 
  sign            1    6[COMMON] unsigned char 
  counter         1    5[COMMON] unsigned char 
 Return value:  Size  Location     Type
                  2    0[COMMON] int 
 Registers used:
		wreg, status,2, status,0
 Tracked objects:
		On entry : 
		On exit  : 
		Unchanged: 
 Data sizes:     COMMON   BANK0   BANK1   BANK3   BANK2
      Params:         4       0       0       0       0
      Locals:         4       0       0       0       0
      Temps:          1       0       0       0       0
      Totals:         9       0       0       0       0
Total ram usage:        9 bytes
 Hardware stack levels used:    1
 This function calls:
		Nothing
 This function is called by:
		_ADC_convert
 This function uses a non-reentrant model



MODULE INFORMATION

Module		Function		Class		Link	Load	Size
C:\Program Files\Microchip\xc8\v2.31\pic\sources\c90\common\flge.c
		___flge        		CODE           	16AE	0000	162

C:\Program Files\Microchip\xc8\v2.31\pic\sources\c90\common\flge.c estimated size: 162

C:\Program Files\Microchip\xc8\v2.31\pic\sources\c90\common\sprcmul.c
		___flmul       		CODE           	008F	0000	865

C:\Program Files\Microchip\xc8\v2.31\pic\sources\c90\common\sprcmul.c estimated size: 865

C:\Program Files\Microchip\xc8\v2.31\pic\sources\c90\common\sprcdiv.c
		___fldiv       		CODE           	0901	0000	477

C:\Program Files\Microchip\xc8\v2.31\pic\sources\c90\common\sprcdiv.c estimated size: 477

C:\Program Files\Microchip\xc8\v2.31\pic\sources\c90\common\Umul8_16.c
		__Umul8_16     		CODE           	1363	0000	39

C:\Program Files\Microchip\xc8\v2.31\pic\sources\c90\common\Umul8_16.c estimated size: 39

C:\Program Files\Microchip\xc8\v2.31\pic\sources\c90\common\doprnt.c
		_printf        		CODE           	1434	0000	82

C:\Program Files\Microchip\xc8\v2.31\pic\sources\c90\common\doprnt.c estimated size: 82

C:\Program Files\Microchip\xc8\v2.31\pic\sources\c90\common\Umul16.c
		___wmul        		CODE           	138A	0000	39

C:\Program Files\Microchip\xc8\v2.31\pic\sources\c90\common\Umul16.c estimated size: 39

C:\Program Files\Microchip\xc8\v2.31\pic\sources\c90\common\sprcadd.c
		___flsub       		CODE           	131B	0000	36
		___fladd       		CODE           	0D68	0000	664

C:\Program Files\Microchip\xc8\v2.31\pic\sources\c90\common\sprcadd.c estimated size: 700

Lab02.c
		_putch         		CODE           	12C1	0000	10
		_main          		CODE           	0ADE	0000	650
		_mensaje       		CODE           	161A	0000	148
		_setup         		CODE           	13B1	0000	65

Lab02.c estimated size: 873

configuraciones_pic.c
		_ADC_convert   		CODE           	03F0	0000	1012
		_canal_ADC     		CODE           	15AB	0000	111
		_conf_ADC      		CODE           	1542	0000	105
		_conf_osc      		CODE           	1486	0000	85
		_Select_ch     		CODE           	1750	0000	176

configuraciones_pic.c estimated size: 1489

C:\Program Files\Microchip\xc8\v2.31\pic\sources\c90\common\awdiv.c
		___awdiv       		CODE           	14DB	0000	103

C:\Program Files\Microchip\xc8\v2.31\pic\sources\c90\common\awdiv.c estimated size: 103

shared
		__stringtab    		STRING         	1000	0000	16
		__initialization		CODE           	07E4	0000	24

shared estimated size: 40

C:\Program Files\Microchip\xc8\v2.31\pic\sources\c90\common\fltol.c
		___fltol       		CODE           	0015	0000	122

C:\Program Files\Microchip\xc8\v2.31\pic\sources\c90\common\fltol.c estimated size: 122

C:\Program Files\Microchip\xc8\v2.31\pic\sources\c90\common\xxtofl.c
		___xxtofl      		CODE           	0845	0000	188

C:\Program Files\Microchip\xc8\v2.31\pic\sources\c90\common\xxtofl.c estimated size: 188

LCD.c
		_Lcd_Write_String		CODE           	13F2	0000	66
		_Lcd_Init      		CODE           	0800	0000	69
		_Lcd_Write_Char		CODE           	12EB	0000	22
		_Lcd_Cmd       		CODE           	1301	0000	26
		_Lcd_Set_Cursor		CODE           	133F	0000	36
		_Lcd_Clear     		CODE           	12CB	0000	13
		_Lcd_Port      		CODE           	12B3	0000	6

LCD.c estimated size: 238

